Archive member included because of file (symbol)

c:/freescale/kds_v3/toolchain/bin/../lib/gcc/arm-none-eabi/4.8.4/../../../../arm-none-eabi/lib/armv7e-m/fpu\libm.a(lib_a-s_cos.o)
                              ./APP/app.o (cos)
c:/freescale/kds_v3/toolchain/bin/../lib/gcc/arm-none-eabi/4.8.4/../../../../arm-none-eabi/lib/armv7e-m/fpu\libm.a(lib_a-s_sin.o)
                              ./APP/app.o (sin)
c:/freescale/kds_v3/toolchain/bin/../lib/gcc/arm-none-eabi/4.8.4/../../../../arm-none-eabi/lib/armv7e-m/fpu\libm.a(lib_a-w_exp.o)
                              ./APP/app.o (exp)
c:/freescale/kds_v3/toolchain/bin/../lib/gcc/arm-none-eabi/4.8.4/../../../../arm-none-eabi/lib/armv7e-m/fpu\libm.a(lib_a-e_exp.o)
                              c:/freescale/kds_v3/toolchain/bin/../lib/gcc/arm-none-eabi/4.8.4/../../../../arm-none-eabi/lib/armv7e-m/fpu\libm.a(lib_a-w_exp.o) (__ieee754_exp)
c:/freescale/kds_v3/toolchain/bin/../lib/gcc/arm-none-eabi/4.8.4/../../../../arm-none-eabi/lib/armv7e-m/fpu\libm.a(lib_a-e_rem_pio2.o)
                              c:/freescale/kds_v3/toolchain/bin/../lib/gcc/arm-none-eabi/4.8.4/../../../../arm-none-eabi/lib/armv7e-m/fpu\libm.a(lib_a-s_cos.o) (__ieee754_rem_pio2)
c:/freescale/kds_v3/toolchain/bin/../lib/gcc/arm-none-eabi/4.8.4/../../../../arm-none-eabi/lib/armv7e-m/fpu\libm.a(lib_a-k_cos.o)
                              c:/freescale/kds_v3/toolchain/bin/../lib/gcc/arm-none-eabi/4.8.4/../../../../arm-none-eabi/lib/armv7e-m/fpu\libm.a(lib_a-s_cos.o) (__kernel_cos)
c:/freescale/kds_v3/toolchain/bin/../lib/gcc/arm-none-eabi/4.8.4/../../../../arm-none-eabi/lib/armv7e-m/fpu\libm.a(lib_a-k_rem_pio2.o)
                              c:/freescale/kds_v3/toolchain/bin/../lib/gcc/arm-none-eabi/4.8.4/../../../../arm-none-eabi/lib/armv7e-m/fpu\libm.a(lib_a-e_rem_pio2.o) (__kernel_rem_pio2)
c:/freescale/kds_v3/toolchain/bin/../lib/gcc/arm-none-eabi/4.8.4/../../../../arm-none-eabi/lib/armv7e-m/fpu\libm.a(lib_a-k_sin.o)
                              c:/freescale/kds_v3/toolchain/bin/../lib/gcc/arm-none-eabi/4.8.4/../../../../arm-none-eabi/lib/armv7e-m/fpu\libm.a(lib_a-s_cos.o) (__kernel_sin)
c:/freescale/kds_v3/toolchain/bin/../lib/gcc/arm-none-eabi/4.8.4/../../../../arm-none-eabi/lib/armv7e-m/fpu\libm.a(lib_a-s_fabs.o)
                              c:/freescale/kds_v3/toolchain/bin/../lib/gcc/arm-none-eabi/4.8.4/../../../../arm-none-eabi/lib/armv7e-m/fpu\libm.a(lib_a-e_rem_pio2.o) (fabs)
c:/freescale/kds_v3/toolchain/bin/../lib/gcc/arm-none-eabi/4.8.4/../../../../arm-none-eabi/lib/armv7e-m/fpu\libm.a(lib_a-s_finite.o)
                              c:/freescale/kds_v3/toolchain/bin/../lib/gcc/arm-none-eabi/4.8.4/../../../../arm-none-eabi/lib/armv7e-m/fpu\libm.a(lib_a-w_exp.o) (finite)
c:/freescale/kds_v3/toolchain/bin/../lib/gcc/arm-none-eabi/4.8.4/../../../../arm-none-eabi/lib/armv7e-m/fpu\libm.a(lib_a-s_floor.o)
                              c:/freescale/kds_v3/toolchain/bin/../lib/gcc/arm-none-eabi/4.8.4/../../../../arm-none-eabi/lib/armv7e-m/fpu\libm.a(lib_a-k_rem_pio2.o) (floor)
c:/freescale/kds_v3/toolchain/bin/../lib/gcc/arm-none-eabi/4.8.4/../../../../arm-none-eabi/lib/armv7e-m/fpu\libm.a(lib_a-s_lib_ver.o)
                              c:/freescale/kds_v3/toolchain/bin/../lib/gcc/arm-none-eabi/4.8.4/../../../../arm-none-eabi/lib/armv7e-m/fpu\libm.a(lib_a-w_exp.o) (__fdlib_version)
c:/freescale/kds_v3/toolchain/bin/../lib/gcc/arm-none-eabi/4.8.4/../../../../arm-none-eabi/lib/armv7e-m/fpu\libm.a(lib_a-s_matherr.o)
                              c:/freescale/kds_v3/toolchain/bin/../lib/gcc/arm-none-eabi/4.8.4/../../../../arm-none-eabi/lib/armv7e-m/fpu\libm.a(lib_a-w_exp.o) (matherr)
c:/freescale/kds_v3/toolchain/bin/../lib/gcc/arm-none-eabi/4.8.4/../../../../arm-none-eabi/lib/armv7e-m/fpu\libm.a(lib_a-s_scalbn.o)
                              c:/freescale/kds_v3/toolchain/bin/../lib/gcc/arm-none-eabi/4.8.4/../../../../arm-none-eabi/lib/armv7e-m/fpu\libm.a(lib_a-k_rem_pio2.o) (scalbn)
c:/freescale/kds_v3/toolchain/bin/../lib/gcc/arm-none-eabi/4.8.4/../../../../arm-none-eabi/lib/armv7e-m/fpu\libm.a(lib_a-s_copysign.o)
                              c:/freescale/kds_v3/toolchain/bin/../lib/gcc/arm-none-eabi/4.8.4/../../../../arm-none-eabi/lib/armv7e-m/fpu\libm.a(lib_a-s_scalbn.o) (copysign)
c:/freescale/kds_v3/toolchain/bin/../lib/gcc/arm-none-eabi/4.8.4/armv7e-m/fpu\libgcc.a(_arm_addsubdf3.o)
                              ./APP/app.o (__aeabi_dsub)
c:/freescale/kds_v3/toolchain/bin/../lib/gcc/arm-none-eabi/4.8.4/armv7e-m/fpu\libgcc.a(_arm_muldivdf3.o)
                              ./APP/app.o (__aeabi_dmul)
c:/freescale/kds_v3/toolchain/bin/../lib/gcc/arm-none-eabi/4.8.4/armv7e-m/fpu\libgcc.a(_arm_cmpdf2.o)
                              c:/freescale/kds_v3/toolchain/bin/../lib/gcc/arm-none-eabi/4.8.4/../../../../arm-none-eabi/lib/armv7e-m/fpu\libm.a(lib_a-e_rem_pio2.o) (__aeabi_dcmpeq)
[...]
Memory Configuration

Name             Origin             Length             Attributes
m_interrupts     0x00000000         0x00000400         xr
m_text           0x00000410         0x000ffbf0         xr
m_interrupts_ram 0x1fff0000         0x00000400         rw
m_data_1FFF0400  0x1fff0400         0x0000fc00         rw
m_data           0x20000000         0x00030000         rw
m_flash_config   0x00000400         0x00000010         xr
*default*        0x00000000         0xffffffff

Linker script and memory map

LOAD c:/freescale/kds_v3/toolchain/bin/../lib/gcc/arm-none-eabi/4.8.4/armv7e-m/fpu/crti.o
LOAD c:/freescale/kds_v3/toolchain/bin/../lib/gcc/arm-none-eabi/4.8.4/armv7e-m/fpu/crtbegin.o
LOAD c:/freescale/kds_v3/toolchain/bin/../lib/gcc/arm-none-eabi/4.8.4/../../../../arm-none-eabi/lib/armv7e-m/fpu/crt0.o
LOAD ./uCOS-III/Source/os_cfg_app.o
LOAD ./uCOS-III/Source/os_core.o
LOAD ./uCOS-III/Source/os_dbg.o
LOAD ./uCOS-III/Source/os_flag.o
LOAD ./uCOS-III/Source/os_int.o
LOAD ./uCOS-III/Source/os_mem.o
LOAD ./uCOS-III/Source/os_msg.o
LOAD ./uCOS-III/Source/os_mutex.o
LOAD ./uCOS-III/Source/os_pend_multi.o
LOAD ./uCOS-III/Source/os_prio.o
LOAD ./uCOS-III/Source/os_q.o
LOAD ./uCOS-III/Source/os_sem.o
LOAD ./uCOS-III/Source/os_stat.o
LOAD ./uCOS-III/Source/os_task.o
LOAD ./uCOS-III/Source/os_tick.o
LOAD ./uCOS-III/Source/os_time.o
LOAD ./uCOS-III/Source/os_tmr.o
LOAD ./uCOS-III/Source/os_var.o
LOAD ./uCOS-III/Ports/ARM-Cortex-M4/Generic/GNU/os_cpu_a.o
LOAD ./uCOS-III/Ports/ARM-Cortex-M4/Generic/GNU/os_cpu_c.o
LOAD ./uC-LIB/lib_ascii.o
LOAD ./uC-LIB/lib_math.o
LOAD ./uC-LIB/lib_mem.o
LOAD ./uC-LIB/lib_str.o
LOAD ./uC-CPU/ARM-Cortex-M4/GNU/cpu_a.o
LOAD ./uC-CPU/ARM-Cortex-M4/GNU/cpu_c.o
LOAD ./uC-CPU/cpu_core.o
LOAD ./KSDK/platform/system/interrupt/src/fsl_interrupt_manager.o
LOAD ./KSDK/platform/system/clock/MK64F12/fsl_clock_K64F12.o
LOAD ./KSDK/platform/system/clock/fsl_clock_manager.o
LOAD ./KSDK/platform/startup/MK64F12/system_MK64F12.o
LOAD ./KSDK/platform/osa/src/fsl_os_abstraction_ucosiii.o
LOAD ./KSDK/platform/hal/uart/fsl_uart_hal.o
LOAD ./KSDK/platform/hal/sim/MK64F12/fsl_sim_hal_K64F12.o
LOAD ./KSDK/platform/hal/sim/fsl_sim_hal.o
LOAD ./KSDK/platform/hal/port/fsl_port_hal.o
LOAD ./KSDK/platform/hal/mcg/fsl_mcg_hal.o
LOAD ./KSDK/platform/hal/gpio/fsl_gpio_hal.o
LOAD ./KSDK/platform/drivers/uart/src/fsl_uart_driver.o
LOAD ./KSDK/platform/drivers/uart/common/fsl_uart_common.o
LOAD ./KSDK/platform/drivers/gpio/src/fsl_gpio_driver.o
LOAD ./KSDK/platform/drivers/gpio/common/fsl_gpio_common.o
LOAD ./KSDK/boards/frdmk64f120m/gpio_pins.o
LOAD ./KSDK/boards/frdmk64f120m/hardware_init.o
LOAD ./KSDK/boards/frdmk64f120m/pin_mux.o
LOAD ./BSP/KSDK/KDS/startup_MK64F12.o
LOAD ./BSP/KSDK/startup.o
LOAD ./BSP/bsp_ser.o
LOAD ./BSP/cpu_bsp.o
LOAD ./APP/I2C.o
LOAD ./APP/app.o
LOAD ./APP/os_app_hooks.o
LOAD c:/freescale/kds_v3/toolchain/bin/../lib/gcc/arm-none-eabi/4.8.4/../../../../arm-none-eabi/lib/armv7e-m/fpu\libm.a
START GROUP
LOAD c:/freescale/kds_v3/toolchain/bin/../lib/gcc/arm-none-eabi/4.8.4/armv7e-m/fpu\libgcc.a
LOAD c:/freescale/kds_v3/toolchain/bin/../lib/gcc/arm-none-eabi/4.8.4/../../../../arm-none-eabi/lib/armv7e-m/fpu\libg_s.a
LOAD c:/freescale/kds_v3/toolchain/bin/../lib/gcc/arm-none-eabi/4.8.4/../../../../arm-none-eabi/lib/armv7e-m/fpu\libc_s.a
END GROUP
START GROUP
LOAD c:/freescale/kds_v3/toolchain/bin/../lib/gcc/arm-none-eabi/4.8.4/armv7e-m/fpu\libgcc.a
LOAD c:/freescale/kds_v3/toolchain/bin/../lib/gcc/arm-none-eabi/4.8.4/../../../../arm-none-eabi/lib/armv7e-m/fpu\libc_s.a
LOAD c:/freescale/kds_v3/toolchain/bin/../lib/gcc/arm-none-eabi/4.8.4/../../../../arm-none-eabi/lib/armv7e-m/fpu\libnosys.a
END GROUP
START GROUP
LOAD c:/freescale/kds_v3/toolchain/bin/../lib/gcc/arm-none-eabi/4.8.4/armv7e-m/fpu\libgcc.a
LOAD c:/freescale/kds_v3/toolchain/bin/../lib/gcc/arm-none-eabi/4.8.4/../../../../arm-none-eabi/lib/armv7e-m/fpu\libc_s.a
LOAD c:/freescale/kds_v3/toolchain/bin/../lib/gcc/arm-none-eabi/4.8.4/../../../../arm-none-eabi/lib/armv7e-m/fpu\libnosys.a
END GROUP
LOAD c:/freescale/kds_v3/toolchain/bin/../lib/gcc/arm-none-eabi/4.8.4/armv7e-m/fpu/crtend.o
LOAD c:/freescale/kds_v3/toolchain/bin/../lib/gcc/arm-none-eabi/4.8.4/armv7e-m/fpu/crtn.o
                0x00008000                HEAP_SIZE = DEFINED (__heap_size__)?__heap_size__:0x8000
                0x00004000                STACK_SIZE = DEFINED (__stack_size__)?__stack_size__:0x4000

.interrupts     0x00000000      0x400
                0x00000000                __VECTOR_TABLE = .
                0x00000000                . = ALIGN (0x4)
 *(.isr_vector)
 .isr_vector    0x00000000      0x400 ./BSP/KSDK/KDS/startup_MK64F12.o
                0x00000000                __isr_vector
                0x00000400                . = ALIGN (0x4)
                0x1fff0000                __VECTOR_RAM = ORIGIN (m_interrupts_ram)

.flash_config   0x00000400       0x10
                0x00000400                . = ALIGN (0x4)
 *(.FlashConfig)
 .FlashConfig   0x00000400       0x10 ./BSP/KSDK/KDS/startup_MK64F12.o
                0x00000410                . = ALIGN (0x4)

.text           0x00000410    0x108ac
                0x00000410                . = ALIGN (0x4)
 *(.text)
 .text          0x00000410       0x54 c:/freescale/kds_v3/toolchain/bin/../lib/gcc/arm-none-eabi/4.8.4/armv7e-m/fpu/crtbegin.o
 .text          0x00000464       0x74 c:/freescale/kds_v3/toolchain/bin/../lib/gcc/arm-none-eabi/4.8.4/../../../../arm-none-eabi/lib/armv7e-m/fpu/crt0.o
                0x00000464                _start
                0x00000464                _mainCRTStartup
 .text          0x000004d8       0xfc ./uCOS-III/Ports/ARM-Cortex-M4/Generic/GNU/os_cpu_a.o
                0x000004d8                OS_CPU_FP_Reg_Push
                0x000004ea                OS_CPU_FP_Reg_Pop
                0x000004f6                OSStartHighRdy
                0x00000566                OSCtxSw
                0x0000056e                OSIntCtxSw
                0x00000576                PendSV_Handler
 .text          0x000005d4       0x34 ./uC-CPU/ARM-Cortex-M4/GNU/cpu_a.o
                0x000005d4                CPU_IntDis
                0x000005d8                CPU_IntEn
                0x000005dc                CPU_SR_Save
                0x000005e4                CPU_SR_Restore
                0x000005ea                CPU_WaitForInt
                0x000005ee                CPU_WaitForExcept
                0x000005f2                CPU_CntLeadZeros
                0x000005f8                CPU_CntTrailZeros
                0x00000602                CPU_RevBits
 .text          0x00000608       0x3c ./BSP/KSDK/KDS/startup_MK64F12.o
                0x00000608                Reset_Handler
                0x00000640                DebugMon_Handler
                0x00000640                I2C0_IRQHandler
                0x00000640                HardFault_Handler
                0x00000640                UART3_RX_TX_IRQHandler
                0x00000640                NMI_Handler
                0x00000640                UART0_RX_TX_IRQHandler
                0x00000640                I2C1_IRQHandler
                0x00000640                DMA2_IRQHandler
                0x00000640                ENET_Error_IRQHandler
                0x00000640                CAN0_Tx_Warning_IRQHandler
                0x00000640                PIT0_IRQHandler
                0x00000640                CAN0_ORed_Message_buffer_IRQHandler
                0x00000640                Watchdog_IRQHandler
                0x00000640                CMP2_IRQHandler
                0x00000640                ENET_Receive_IRQHandler
                0x00000640                ENET_1588_Timer_IRQHandler
                0x00000640                UART2_RX_TX_IRQHandler
                0x00000640                SWI_IRQHandler
                0x00000640                ADC0_IRQHandler
                0x00000640                UsageFault_Handler
                0x00000640                I2S0_Tx_IRQHandler
                0x00000640                CMT_IRQHandler
                0x00000640                UART4_RX_TX_IRQHandler
                0x00000640                SPI1_IRQHandler
                0x00000640                DefaultISR
                0x00000640                DMA9_IRQHandler
                0x00000640                DMA14_IRQHandler
                0x00000640                CMP1_IRQHandler
                0x00000640                Reserved71_IRQHandler
                0x00000640                PORTD_IRQHandler
                0x00000640                PORTB_IRQHandler
                0x00000640                UART4_ERR_IRQHandler
                0x00000640                ADC1_IRQHandler
                0x00000640                I2C2_IRQHandler
                0x00000640                PIT2_IRQHandler
                0x00000640                I2S0_Rx_IRQHandler
                0x00000640                LPTimer_IRQHandler
                0x00000640                DMA5_IRQHandler
                0x00000640                RTC_IRQHandler
                0x00000640                PDB0_IRQHandler
                0x00000640                CAN0_Rx_Warning_IRQHandler
                0x00000640                FTM1_IRQHandler
                0x00000640                UART5_RX_TX_IRQHandler
                0x00000640                UART3_ERR_IRQHandler
                0x00000640                PIT3_IRQHandler
                0x00000640                SDHC_IRQHandler
                0x00000640                RTC_Seconds_IRQHandler
                0x00000640                MCG_IRQHandler
                0x00000640                FTFE_IRQHandler
                0x00000640                UART2_ERR_IRQHandler
                0x00000640                DMA11_IRQHandler
                0x00000640                UART5_ERR_IRQHandler
                0x00000640                Read_Collision_IRQHandler
                0x00000640                Default_Handler
                0x00000640                DMA7_IRQHandler
                0x00000640                ENET_Transmit_IRQHandler
                0x00000640                USBDCD_IRQHandler
                0x00000640                USB0_IRQHandler
                0x00000640                LLW_IRQHandler
                0x00000640                SPI2_IRQHandler
                0x00000640                MemManage_Handler
                0x00000640                SVC_Handler
                0x00000640                DMA13_IRQHandler
                0x00000640                DMA3_IRQHandler
                0x00000640                UART0_LON_IRQHandler
                0x00000640                RNG_IRQHandler
                0x00000640                DMA0_IRQHandler
                0x00000640                DMA15_IRQHandler
                0x00000640                DAC0_IRQHandler
                0x00000640                CAN0_Error_IRQHandler
                0x00000640                DMA4_IRQHandler
                0x00000640                PIT1_IRQHandler
                0x00000640                UART0_ERR_IRQHandler
                0x00000640                DMA_Error_IRQHandler
                0x00000640                LVD_LVW_IRQHandler
                0x00000640                SPI0_IRQHandler
                0x00000640                FTM0_IRQHandler
                0x00000640                PORTA_IRQHandler
                0x00000640                DAC1_IRQHandler
                0x00000640                MCM_IRQHandler
                0x00000640                DMA12_IRQHandler
                0x00000640                CAN0_Bus_Off_IRQHandler
                0x00000640                FTM3_IRQHandler
                0x00000640                PORTE_IRQHandler
                0x00000640                FTM2_IRQHandler
                0x00000640                BusFault_Handler
                0x00000640                DMA8_IRQHandler
                0x00000640                DMA10_IRQHandler
                0x00000640                CAN0_Wake_Up_IRQHandler
                0x00000640                UART1_ERR_IRQHandler
                0x00000640                UART1_RX_TX_IRQHandler
                0x00000640                CMP0_IRQHandler
                0x00000640                PORTC_IRQHandler
                0x00000640                DMA6_IRQHandler
                0x00000640                DMA1_IRQHandler
 .text          0x00000644      0x370 c:/freescale/kds_v3/toolchain/bin/../lib/gcc/arm-none-eabi/4.8.4/armv7e-m/fpu\libgcc.a(_arm_addsubdf3.o)
                0x00000644                __aeabi_drsub
                0x0000064c                __aeabi_dsub
                0x0000064c                __subdf3
                0x00000650                __aeabi_dadd
                0x00000650                __adddf3
                0x000008c8                __floatunsidf
                0x000008c8                __aeabi_ui2d
                0x000008e8                __floatsidf
                0x000008e8                __aeabi_i2d
                0x0000090c                __aeabi_f2d
                0x0000090c                __extendsfdf2
                0x00000948                __floatundidf
                0x00000948                __aeabi_ul2d
                0x00000958                __floatdidf
                0x00000958                __aeabi_l2d
 .text          0x000009b4      0x424 c:/freescale/kds_v3/toolchain/bin/../lib/gcc/arm-none-eabi/4.8.4/armv7e-m/fpu\libgcc.a(_arm_muldivdf3.o)
                0x000009b4                __aeabi_dmul
                0x000009b4                __muldf3
                0x00000c08                __divdf3
                0x00000c08                __aeabi_ddiv
 .text          0x00000dd8      0x110 c:/freescale/kds_v3/toolchain/bin/../lib/gcc/arm-none-eabi/4.8.4/armv7e-m/fpu\libgcc.a(_arm_cmpdf2.o)
                0x00000dd8                __gtdf2
                0x00000dd8                __gedf2
                0x00000de0                __ltdf2
                0x00000de0                __ledf2
                0x00000de8                __nedf2
                0x00000de8                __eqdf2
                0x00000de8                __cmpdf2
                0x00000e64                __aeabi_cdrcmple
                0x00000e74                __aeabi_cdcmpeq
                0x00000e74                __aeabi_cdcmple
                0x00000e84                __aeabi_dcmpeq
                0x00000e98                __aeabi_dcmplt
                0x00000eac                __aeabi_dcmple
                0x00000ec0                __aeabi_dcmpge
                0x00000ed4                __aeabi_dcmpgt
 .text          0x00000ee8       0x50 c:/freescale/kds_v3/toolchain/bin/../lib/gcc/arm-none-eabi/4.8.4/armv7e-m/fpu\libgcc.a(_arm_fixdfsi.o)
                0x00000ee8                __aeabi_d2iz
                0x00000ee8                __fixdfsi
 .text          0x00000f38       0xa0 c:/freescale/kds_v3/toolchain/bin/../lib/gcc/arm-none-eabi/4.8.4/armv7e-m/fpu\libgcc.a(_arm_truncdfsf2.o)
                0x00000f38                __truncdfsf2
                0x00000f38                __aeabi_d2f
 .text          0x00000fd8       0x40 c:/freescale/kds_v3/toolchain/bin/../lib/gcc/arm-none-eabi/4.8.4/armv7e-m/fpu\libgcc.a(_arm_fixunsdfsi.o)
                0x00000fd8                __aeabi_d2uiz
                0x00000fd8                __fixunsdfsi
 *(.text*)
 .text.OSCfg_Init
                0x00001018        0xc ./uCOS-III/Source/os_cfg_app.o
                0x00001018                OSCfg_Init
 .text.OSInit   0x00001024      0x1d4 ./uCOS-III/Source/os_core.o
                0x00001024                OSInit
 .text.OSIntEnter
                0x000011f8       0x34 ./uCOS-III/Source/os_core.o
                0x000011f8                OSIntEnter
 .text.OSIntExit
                0x0000122c       0xc0 ./uCOS-III/Source/os_core.o
                0x0000122c                OSIntExit
 .text.OSSched  0x000012ec       0x94 ./uCOS-III/Source/os_core.o
                0x000012ec                OSSched
 .text.OSSchedLock
                0x00001380       0x54 ./uCOS-III/Source/os_core.o
                0x00001380                OSSchedLock
 .text.OSSchedUnlock
                0x000013d4       0x70 ./uCOS-III/Source/os_core.o
                0x000013d4                OSSchedUnlock
 .text.OSSchedRoundRobinCfg
                0x00001444       0x64 ./uCOS-III/Source/os_core.o
                0x00001444                OSSchedRoundRobinCfg
 .text.OSStart  0x000014a8       0x80 ./uCOS-III/Source/os_core.o
                0x000014a8                OSStart
 .text.OS_IdleTask
                0x00001528       0x34 ./uCOS-III/Source/os_core.o
                0x00001528                OS_IdleTask
 .text.OS_IdleTaskInit
                0x0000155c       0x68 ./uCOS-III/Source/os_core.o
                0x0000155c                OS_IdleTaskInit
 .text.OS_Pend  0x000015c4       0x84 ./uCOS-III/Source/os_core.o
                0x000015c4                OS_Pend
 .text.OS_PendDataInit
                0x00001648       0x6c ./uCOS-III/Source/os_core.o
                0x00001648                OS_PendDataInit
 .text.OS_PendDbgNameAdd
                0x000016b4       0x7c ./uCOS-III/Source/os_core.o
                0x000016b4                OS_PendDbgNameAdd
 .text.OS_PendDbgNameRemove
                0x00001730       0x48 ./uCOS-III/Source/os_core.o
                0x00001730                OS_PendDbgNameRemove
 .text.OS_PendListChangePrio
                0x00001778       0x54 ./uCOS-III/Source/os_core.o
                0x00001778                OS_PendListChangePrio
 .text.OS_PendListInit
                0x000017cc       0x24 ./uCOS-III/Source/os_core.o
                0x000017cc                OS_PendListInit
 .text.OS_PendListInsertPrio
                0x000017f0       0xe4 ./uCOS-III/Source/os_core.o
                0x000017f0                OS_PendListInsertPrio
 .text.OS_PendListRemove
                0x000018d4       0x54 ./uCOS-III/Source/os_core.o
                0x000018d4                OS_PendListRemove
 .text.OS_PendListRemove1
                0x00001928       0x94 ./uCOS-III/Source/os_core.o
                0x00001928                OS_PendListRemove1
 .text.OS_Post  0x000019bc      0x12c ./uCOS-III/Source/os_core.o
                0x000019bc                OS_Post
 .text.OS_Post1
                0x00001ae8       0x60 ./uCOS-III/Source/os_core.o
                0x00001ae8                OS_Post1
 .text.OS_RdyListInit
                0x00001b48       0x48 ./uCOS-III/Source/os_core.o
                0x00001b48                OS_RdyListInit
 .text.OS_RdyListInsert
                0x00001b90       0x3c ./uCOS-III/Source/os_core.o
                0x00001b90                OS_RdyListInsert
 .text.OS_RdyListInsertHead
                0x00001bcc       0x80 ./uCOS-III/Source/os_core.o
                0x00001bcc                OS_RdyListInsertHead
 .text.OS_RdyListInsertTail
                0x00001c4c       0x80 ./uCOS-III/Source/os_core.o
                0x00001c4c                OS_RdyListInsertTail
 .text.OS_RdyListMoveHeadToTail
                0x00001ccc       0x90 ./uCOS-III/Source/os_core.o
                0x00001ccc                OS_RdyListMoveHeadToTail
 .text.OS_RdyListRemove
                0x00001d5c       0xac ./uCOS-III/Source/os_core.o
                0x00001d5c                OS_RdyListRemove
 .text.OS_SchedRoundRobin
                0x00001e08       0xb4 ./uCOS-III/Source/os_core.o
                0x00001e08                OS_SchedRoundRobin
 .text.OS_TaskBlock
                0x00001ebc       0x3c ./uCOS-III/Source/os_core.o
                0x00001ebc                OS_TaskBlock
 .text.OS_Dbg_Init
                0x00001ef8      0x238 ./uCOS-III/Source/os_dbg.o
                0x00001ef8                OS_Dbg_Init
 .text.OSFlagCreate
                0x00002130       0x60 ./uCOS-III/Source/os_flag.o
                0x00002130                OSFlagCreate
 .text.OSFlagPend
                0x00002190      0x420 ./uCOS-III/Source/os_flag.o
                0x00002190                OSFlagPend
 .text.OSFlagPost
                0x000025b0       0x34 ./uCOS-III/Source/os_flag.o
                0x000025b0                OSFlagPost
 .text.OS_FlagBlock
                0x000025e4       0x44 ./uCOS-III/Source/os_flag.o
                0x000025e4                OS_FlagBlock
 .text.OS_FlagInit
                0x00002628       0x2c ./uCOS-III/Source/os_flag.o
                0x00002628                OS_FlagInit
 .text.OS_FlagDbgListAdd
                0x00002654       0x4c ./uCOS-III/Source/os_flag.o
                0x00002654                OS_FlagDbgListAdd
 .text.OS_FlagPost
                0x000026a0      0x1c8 ./uCOS-III/Source/os_flag.o
                0x000026a0                OS_FlagPost
 .text.OS_FlagTaskRdy
                0x00002868       0x94 ./uCOS-III/Source/os_flag.o
                0x00002868                OS_FlagTaskRdy
 .text.OS_MemInit
                0x000028fc       0x2c ./uCOS-III/Source/os_mem.o
                0x000028fc                OS_MemInit
 .text.OS_MsgPoolInit
                0x00002928       0xac ./uCOS-III/Source/os_msg.o
                0x00002928                OS_MsgPoolInit
 .text.OS_MsgQFreeAll
                0x000029d4       0x78 ./uCOS-III/Source/os_msg.o
                0x000029d4                OS_MsgQFreeAll
 .text.OS_MsgQInit
                0x00002a4c       0x34 ./uCOS-III/Source/os_msg.o
                0x00002a4c                OS_MsgQInit
 .text.OS_MsgQGet
                0x00002a80       0xc0 ./uCOS-III/Source/os_msg.o
                0x00002a80                OS_MsgQGet
 .text.OS_MsgQPut
                0x00002b40      0x10c ./uCOS-III/Source/os_msg.o
                0x00002b40                OS_MsgQPut
 .text.OSMutexCreate
                0x00002c4c       0x6c ./uCOS-III/Source/os_mutex.o
                0x00002c4c                OSMutexCreate
 .text.OSMutexPend
                0x00002cb8      0x1ac ./uCOS-III/Source/os_mutex.o
                0x00002cb8                OSMutexPend
 .text.OSMutexPost
                0x00002e64      0x154 ./uCOS-III/Source/os_mutex.o
                0x00002e64                OSMutexPost
 .text.OS_MutexDbgListAdd
                0x00002fb8       0x4c ./uCOS-III/Source/os_mutex.o
                0x00002fb8                OS_MutexDbgListAdd
 .text.OS_MutexInit
                0x00003004       0x2c ./uCOS-III/Source/os_mutex.o
                0x00003004                OS_MutexInit
 .text.OS_MutexGrpAdd
                0x00003030       0x24 ./uCOS-III/Source/os_mutex.o
                0x00003030                OS_MutexGrpAdd
 .text.OS_MutexGrpRemove
                0x00003054       0x38 ./uCOS-III/Source/os_mutex.o
                0x00003054                OS_MutexGrpRemove
 .text.OS_MutexGrpPrioFindHighest
                0x0000308c       0x58 ./uCOS-III/Source/os_mutex.o
                0x0000308c                OS_MutexGrpPrioFindHighest
 .text.OS_MutexGrpPostAll
                0x000030e4       0x84 ./uCOS-III/Source/os_mutex.o
                0x000030e4                OS_MutexGrpPostAll
 .text.OS_PrioInit
                0x00003168       0x30 ./uCOS-III/Source/os_prio.o
                0x00003168                OS_PrioInit
 .text.OS_PrioGetHighest
                0x00003198       0x48 ./uCOS-III/Source/os_prio.o
                0x00003198                OS_PrioGetHighest
 .text.OS_PrioInsert
                0x000031e0       0x4c ./uCOS-III/Source/os_prio.o
                0x000031e0                OS_PrioInsert
 .text.OS_PrioRemove
                0x0000322c       0x50 ./uCOS-III/Source/os_prio.o
                0x0000322c                OS_PrioRemove
 .text.OSQCreate
                0x0000327c       0x64 ./uCOS-III/Source/os_q.o
                0x0000327c                OSQCreate
 .text.OSQPend  0x000032e0      0x170 ./uCOS-III/Source/os_q.o
                0x000032e0                OSQPend
 .text.OSQPost  0x00003450       0x2c ./uCOS-III/Source/os_q.o
                0x00003450                OSQPost
 .text.OS_QDbgListAdd
                0x0000347c       0x4c ./uCOS-III/Source/os_q.o
                0x0000347c                OS_QDbgListAdd
 .text.OS_QInit
                0x000034c8       0x2c ./uCOS-III/Source/os_q.o
                0x000034c8                OS_QInit
 .text.OS_QPost
                0x000034f4       0xbc ./uCOS-III/Source/os_q.o
                0x000034f4                OS_QPost
 .text.OSSemCreate
                0x000035b0       0x60 ./uCOS-III/Source/os_sem.o
                0x000035b0                OSSemCreate
 .text.OSSemPend
                0x00003610      0x158 ./uCOS-III/Source/os_sem.o
                0x00003610                OSSemPend
 .text.OSSemPost
                0x00003768       0x2c ./uCOS-III/Source/os_sem.o
                0x00003768                OSSemPost
 .text.OS_SemDbgListAdd
                0x00003794       0x4c ./uCOS-III/Source/os_sem.o
                0x00003794                OS_SemDbgListAdd
 .text.OS_SemInit
                0x000037e0       0x2c ./uCOS-III/Source/os_sem.o
                0x000037e0                OS_SemInit
 .text.OS_SemPost
                0x0000380c       0xd4 ./uCOS-III/Source/os_sem.o
                0x0000380c                OS_SemPost
 .text.OSStatReset
                0x000038e0      0x100 ./uCOS-III/Source/os_stat.o
                0x000038e0                OSStatReset
 .text.OSStatTaskCPUUsageInit
                0x000039e0       0xf0 ./uCOS-III/Source/os_stat.o
                0x000039e0                OSStatTaskCPUUsageInit
 .text.OS_StatTask
                0x00003ad0      0x2f4 ./uCOS-III/Source/os_stat.o
                0x00003ad0                OS_StatTask
 .text.OS_StatTaskInit
                0x00003dc4       0xd4 ./uCOS-III/Source/os_stat.o
                0x00003dc4                OS_StatTaskInit
 .text.OSTaskCreate
                0x00003e98      0x184 ./uCOS-III/Source/os_task.o
                0x00003e98                OSTaskCreate
 .text.OSTaskDel
                0x0000401c      0x1b4 ./uCOS-III/Source/os_task.o
                0x0000401c                OSTaskDel
 .text.OSTaskResume
                0x000041d0       0x20 ./uCOS-III/Source/os_task.o
                0x000041d0                OSTaskResume
 .text.OSTaskSemPend
                0x000041f0      0x190 ./uCOS-III/Source/os_task.o
                0x000041f0                OSTaskSemPend
 .text.OSTaskSemPost
                0x00004380       0x2c ./uCOS-III/Source/os_task.o
                0x00004380                OSTaskSemPost
 .text.OSTaskStkChk
                0x000043ac       0xb0 ./uCOS-III/Source/os_task.o
                0x000043ac                OSTaskStkChk
 .text.OSTaskSuspend
                0x0000445c       0x30 ./uCOS-III/Source/os_task.o
                0x0000445c                OSTaskSuspend
 .text.OS_TaskDbgListAdd
                0x0000448c       0x4c ./uCOS-III/Source/os_task.o
                0x0000448c                OS_TaskDbgListAdd
 .text.OS_TaskDbgListRemove
                0x000044d8       0x84 ./uCOS-III/Source/os_task.o
                0x000044d8                OS_TaskDbgListRemove
 .text.OS_TaskInit
                0x0000455c       0x38 ./uCOS-III/Source/os_task.o
                0x0000455c                OS_TaskInit
 .text.OS_TaskInitTCB
                0x00004594      0x19c ./uCOS-III/Source/os_task.o
                0x00004594                OS_TaskInitTCB
 .text.OS_TaskResume
                0x00004730      0x110 ./uCOS-III/Source/os_task.o
                0x00004730                OS_TaskResume
 .text.OS_TaskReturn
                0x00004840       0x24 ./uCOS-III/Source/os_task.o
                0x00004840                OS_TaskReturn
 .text.OS_TaskSemPost
                0x00004864      0x114 ./uCOS-III/Source/os_task.o
                0x00004864                OS_TaskSemPost
 .text.OS_TaskSuspend
                0x00004978      0x104 ./uCOS-III/Source/os_task.o
                0x00004978                OS_TaskSuspend
 .text.OS_TaskChangePrio
                0x00004a7c      0x144 ./uCOS-III/Source/os_task.o
                0x00004a7c                OS_TaskChangePrio
 .text.OS_TickTask
                0x00004bc0       0x60 ./uCOS-III/Source/os_tick.o
                0x00004bc0                OS_TickTask
 .text.OS_TickTaskInit
                0x00004c20       0xd8 ./uCOS-III/Source/os_tick.o
                0x00004c20                OS_TickTaskInit
 .text.OS_TickListInsert
                0x00004cf8      0x130 ./uCOS-III/Source/os_tick.o
                0x00004cf8                OS_TickListInsert
 .text.OS_TickListInsertDly
                0x00004e28      0x108 ./uCOS-III/Source/os_tick.o
                0x00004e28                OS_TickListInsertDly
 .text.OS_TickListRemove
                0x00004f30       0xc8 ./uCOS-III/Source/os_tick.o
                0x00004f30                OS_TickListRemove
 .text.OS_TickListResetPeak
                0x00004ff8        0xc ./uCOS-III/Source/os_tick.o
                0x00004ff8                OS_TickListResetPeak
 .text.OS_TickListUpdateDly
                0x00005004       0xb4 ./uCOS-III/Source/os_tick.o
 .text.OS_TickListUpdateTimeout
                0x000050b8      0x150 ./uCOS-III/Source/os_tick.o
 .text.OSTimeDly
                0x00005208       0xb8 ./uCOS-III/Source/os_time.o
                0x00005208                OSTimeDly
 .text.OSTimeDlyHMSM
                0x000052c0      0x138 ./uCOS-III/Source/os_time.o
                0x000052c0                OSTimeDlyHMSM
 .text.OSTimeTick
                0x000053f8       0x74 ./uCOS-III/Source/os_time.o
                0x000053f8                OSTimeTick
 .text.OS_TmrInit
                0x0000546c      0x134 ./uCOS-III/Source/os_tmr.o
                0x0000546c                OS_TmrInit
 .text.OS_TmrResetPeak
                0x000055a0        0xc ./uCOS-III/Source/os_tmr.o
                0x000055a0                OS_TmrResetPeak
 .text.OS_TmrUnlink
                0x000055ac       0x7c ./uCOS-III/Source/os_tmr.o
                0x000055ac                OS_TmrUnlink
 .text.OS_TmrTask
                0x00005628       0xcc ./uCOS-III/Source/os_tmr.o
                0x00005628                OS_TmrTask
 .text.OS_TmrLock
                0x000056f4       0x20 ./uCOS-III/Source/os_tmr.o
 .text.OS_TmrUnlock
                0x00005714       0x1c ./uCOS-III/Source/os_tmr.o
 .text.OSIdleTaskHook
                0x00005730       0x18 ./uCOS-III/Ports/ARM-Cortex-M4/Generic/GNU/os_cpu_c.o
                0x00005730                OSIdleTaskHook
 .text.OSInitHook
                0x00005748       0x38 ./uCOS-III/Ports/ARM-Cortex-M4/Generic/GNU/os_cpu_c.o
                0x00005748                OSInitHook
 .text.OSStatTaskHook
                0x00005780       0x18 ./uCOS-III/Ports/ARM-Cortex-M4/Generic/GNU/os_cpu_c.o
                0x00005780                OSStatTaskHook
 .text.OSTaskCreateHook
                0x00005798       0x24 ./uCOS-III/Ports/ARM-Cortex-M4/Generic/GNU/os_cpu_c.o
                0x00005798                OSTaskCreateHook
 .text.OSTaskDelHook
                0x000057bc       0x24 ./uCOS-III/Ports/ARM-Cortex-M4/Generic/GNU/os_cpu_c.o
                0x000057bc                OSTaskDelHook
 .text.OSTaskReturnHook
                0x000057e0       0x24 ./uCOS-III/Ports/ARM-Cortex-M4/Generic/GNU/os_cpu_c.o
                0x000057e0                OSTaskReturnHook
 .text.OSTaskStkInit
                0x00005804      0x34c ./uCOS-III/Ports/ARM-Cortex-M4/Generic/GNU/os_cpu_c.o
                0x00005804                OSTaskStkInit
 .text.OSTaskSwHook
                0x00005b50       0xa8 ./uCOS-III/Ports/ARM-Cortex-M4/Generic/GNU/os_cpu_c.o
                0x00005b50                OSTaskSwHook
 .text.OSTimeTickHook
                0x00005bf8       0x18 ./uCOS-III/Ports/ARM-Cortex-M4/Generic/GNU/os_cpu_c.o
                0x00005bf8                OSTimeTickHook
 .text.SysTick_Handler
                0x00005c10       0x1c ./uCOS-III/Ports/ARM-Cortex-M4/Generic/GNU/os_cpu_c.o
                0x00005c10                SysTick_Handler
 .text.OS_CPU_SysTickInit
                0x00005c2c       0x54 ./uCOS-III/Ports/ARM-Cortex-M4/Generic/GNU/os_cpu_c.o
                0x00005c2c                OS_CPU_SysTickInit
 .text.Math_Init
                0x00005c80        0xc ./uC-LIB/lib_math.o
                0x00005c80                Math_Init
 .text.Math_RandSetSeed
                0x00005c8c       0x20 ./uC-LIB/lib_math.o
                0x00005c8c                Math_RandSetSeed
 .text.Math_Rand
                0x00005cac       0x30 ./uC-LIB/lib_math.o
                0x00005cac                Math_Rand
 .text.Math_RandSeed
                0x00005cdc       0x30 ./uC-LIB/lib_math.o
                0x00005cdc                Math_RandSeed
 .text.Mem_Init
                0x00005d0c       0x4c ./uC-LIB/lib_mem.o
                0x00005d0c                Mem_Init
 .text.Mem_Clr  0x00005d58       0x1c ./uC-LIB/lib_mem.o
                0x00005d58                Mem_Clr
 .text.Mem_Set  0x00005d74       0xb4 ./uC-LIB/lib_mem.o
                0x00005d74                Mem_Set
 .text.Mem_SegCreate
                0x00005e28       0x34 ./uC-LIB/lib_mem.o
                0x00005e28                Mem_SegCreate
 .text.Mem_SegCreateCritical
                0x00005e5c       0x48 ./uC-LIB/lib_mem.o
 .text.Str_Len  0x00005ea4       0x20 ./uC-LIB/lib_str.o
                0x00005ea4                Str_Len
 .text.Str_Len_N
                0x00005ec4       0x44 ./uC-LIB/lib_str.o
                0x00005ec4                Str_Len_N
 .text.Str_Copy_N
                0x00005f08       0x90 ./uC-LIB/lib_str.o
                0x00005f08                Str_Copy_N
 .text.CPU_Init
                0x00005f98       0x10 ./uC-CPU/cpu_core.o
                0x00005f98                CPU_Init
 .text.CPU_SW_Exception
                0x00005fa8        0x8 ./uC-CPU/cpu_core.o
                0x00005fa8                CPU_SW_Exception
 .text.CPU_NameClr
                0x00005fb0       0x1c ./uC-CPU/cpu_core.o
                0x00005fb0                CPU_NameClr
 .text.CPU_NameSet
                0x00005fcc       0x60 ./uC-CPU/cpu_core.o
                0x00005fcc                CPU_NameSet
 .text.CPU_TS_TmrFreqSet
                0x0000602c       0x1c ./uC-CPU/cpu_core.o
                0x0000602c                CPU_TS_TmrFreqSet
 .text.CPU_NameInit
                0x00006048        0xc ./uC-CPU/cpu_core.o
 .text.CPU_TS_Init
                0x00006054       0x3c ./uC-CPU/cpu_core.o
 .text.INT_SYS_InstallHandler
                0x00006090       0x60 ./KSDK/platform/system/interrupt/src/fsl_interrupt_manager.o
                0x00006090                INT_SYS_InstallHandler
 .text.INT_SYS_EnableIRQGlobal
                0x000060f0       0x30 ./KSDK/platform/system/interrupt/src/fsl_interrupt_manager.o
                0x000060f0                INT_SYS_EnableIRQGlobal
 .text.INT_SYS_DisableIRQGlobal
                0x00006120       0x1c ./KSDK/platform/system/interrupt/src/fsl_interrupt_manager.o
                0x00006120                INT_SYS_DisableIRQGlobal
 .text.CLOCK_SYS_GetUartFreq
                0x0000613c       0x58 ./KSDK/platform/system/clock/MK64F12/fsl_clock_K64F12.o
                0x0000613c                CLOCK_SYS_GetUartFreq
 .text.CLOCK_SYS_GetSysClkFreq
                0x00006194       0x8c ./KSDK/platform/system/clock/fsl_clock_manager.o
                0x00006194                CLOCK_SYS_GetSysClkFreq
 .text.CLOCK_SYS_GetFreq
                0x00006220      0x164 ./KSDK/platform/system/clock/fsl_clock_manager.o
                0x00006220                CLOCK_SYS_GetFreq
 .text.SystemInit
                0x00006384      0x1f4 ./KSDK/platform/startup/MK64F12/system_MK64F12.o
                0x00006384                SystemInit
 .text.wait_timeout_msec_to_tick
                0x00006578       0x58 ./KSDK/platform/osa/src/fsl_os_abstraction_ucosiii.o
 .text.OSA_SemaCreate
                0x000065d0       0x34 ./KSDK/platform/osa/src/fsl_os_abstraction_ucosiii.o
                0x000065d0                OSA_SemaCreate
 .text.OSA_SemaWait
                0x00006604       0x6c ./KSDK/platform/osa/src/fsl_os_abstraction_ucosiii.o
                0x00006604                OSA_SemaWait
 .text.OSA_SemaPost
                0x00006670       0x2c ./KSDK/platform/osa/src/fsl_os_abstraction_ucosiii.o
                0x00006670                OSA_SemaPost
 .text.OSA_Init
                0x0000669c       0x48 ./KSDK/platform/osa/src/fsl_os_abstraction_ucosiii.o
                0x0000669c                OSA_Init
 .text.OSA_Start
                0x000066e4       0x24 ./KSDK/platform/osa/src/fsl_os_abstraction_ucosiii.o
                0x000066e4                OSA_Start
 .text.UART_HAL_Init
                0x00006708       0x98 ./KSDK/platform/hal/uart/fsl_uart_hal.o
                0x00006708                UART_HAL_Init
 .text.UART_HAL_SetBaudRate
                0x000067a0       0xa4 ./KSDK/platform/hal/uart/fsl_uart_hal.o
                0x000067a0                UART_HAL_SetBaudRate
 .text.UART_HAL_Putchar
                0x00006844       0x24 ./KSDK/platform/hal/uart/fsl_uart_hal.o
                0x00006844                UART_HAL_Putchar
 .text.UART_HAL_Getchar
                0x00006868       0x28 ./KSDK/platform/hal/uart/fsl_uart_hal.o
                0x00006868                UART_HAL_Getchar
 .text.UART_HAL_SetTxFifoCmd
                0x00006890       0x5c ./KSDK/platform/hal/uart/fsl_uart_hal.o
                0x00006890                UART_HAL_SetTxFifoCmd
 .text.UART_HAL_SetRxFifoCmd
                0x000068ec       0x5c ./KSDK/platform/hal/uart/fsl_uart_hal.o
                0x000068ec                UART_HAL_SetRxFifoCmd
 .text.UART_HAL_FlushTxFifo
                0x00006948       0x40 ./KSDK/platform/hal/uart/fsl_uart_hal.o
                0x00006948                UART_HAL_FlushTxFifo
 .text.UART_HAL_FlushRxFifo
                0x00006988       0x40 ./KSDK/platform/hal/uart/fsl_uart_hal.o
                0x00006988                UART_HAL_FlushRxFifo
 .text.UART_HAL_SetTxFifoWatermark
                0x000069c8       0x3c ./KSDK/platform/hal/uart/fsl_uart_hal.o
                0x000069c8                UART_HAL_SetTxFifoWatermark
 .text.UART_HAL_SetRxFifoWatermark
                0x00006a04       0x3c ./KSDK/platform/hal/uart/fsl_uart_hal.o
                0x00006a04                UART_HAL_SetRxFifoWatermark
 .text.SIM_HAL_EnablePortClock
                0x00006a40       0x8c ./KSDK/platform/hal/sim/MK64F12/fsl_sim_hal_K64F12.o
                0x00006a40                SIM_HAL_EnablePortClock
 .text.SIM_HAL_EnableUartClock
                0x00006acc       0xa4 ./KSDK/platform/hal/sim/MK64F12/fsl_sim_hal_K64F12.o
                0x00006acc                SIM_HAL_EnableUartClock
 .text.CLOCK_HAL_GetDivider
                0x00006b70      0x12c ./KSDK/platform/hal/sim/fsl_sim_hal.o
                0x00006b70                CLOCK_HAL_GetDivider
 .text.CLOCK_HAL_GetClkSrcMode
                0x00006c9c       0x20 ./KSDK/platform/hal/mcg/fsl_mcg_hal.o
 .text.CLOCK_HAL_GetFllExternalRefDivider
                0x00006cbc       0x24 ./KSDK/platform/hal/mcg/fsl_mcg_hal.o
 .text.CLOCK_HAL_GetInternalRefSelMode
                0x00006ce0       0x24 ./KSDK/platform/hal/mcg/fsl_mcg_hal.o
 .text.CLOCK_HAL_GetRange0Mode
                0x00006d04       0x24 ./KSDK/platform/hal/mcg/fsl_mcg_hal.o
 .text.CLOCK_HAL_GetInternalRefClkSelMode
                0x00006d28       0x24 ./KSDK/platform/hal/mcg/fsl_mcg_hal.o
 .text.CLOCK_HAL_GetDmx32
                0x00006d4c       0x24 ./KSDK/platform/hal/mcg/fsl_mcg_hal.o
 .text.CLOCK_HAL_GetDigitalControlledOscRangeMode
                0x00006d70       0x24 ./KSDK/platform/hal/mcg/fsl_mcg_hal.o
 .text.CLOCK_HAL_GetPllExternalRefDivider0
                0x00006d94       0x20 ./KSDK/platform/hal/mcg/fsl_mcg_hal.o
 .text.CLOCK_HAL_GetPllSelMode
                0x00006db4       0x24 ./KSDK/platform/hal/mcg/fsl_mcg_hal.o
 .text.CLOCK_HAL_GetVoltCtrlOscDivider0
                0x00006dd8       0x20 ./KSDK/platform/hal/mcg/fsl_mcg_hal.o
 .text.CLOCK_HAL_GetFastClkInternalRefDivider
                0x00006df8       0x24 ./KSDK/platform/hal/mcg/fsl_mcg_hal.o
 .text.CLOCK_HAL_GetOscselMode
                0x00006e1c       0x20 ./KSDK/platform/hal/mcg/fsl_mcg_hal.o
 .text.CLOCK_HAL_GetFllRefClk
                0x00006e3c       0x9c ./KSDK/platform/hal/mcg/fsl_mcg_hal.o
                0x00006e3c                CLOCK_HAL_GetFllRefClk
 .text.CLOCK_HAL_GetFllClk
                0x00006ed8       0xf4 ./KSDK/platform/hal/mcg/fsl_mcg_hal.o
                0x00006ed8                CLOCK_HAL_GetFllClk
 .text.CLOCK_HAL_GetPll0Clk
                0x00006fcc       0x7c ./KSDK/platform/hal/mcg/fsl_mcg_hal.o
                0x00006fcc                CLOCK_HAL_GetPll0Clk
 .text.CLOCK_HAL_GetInternalRefClk
                0x00007048       0x3c ./KSDK/platform/hal/mcg/fsl_mcg_hal.o
                0x00007048                CLOCK_HAL_GetInternalRefClk
 .text.CLOCK_HAL_GetOutClk
                0x00007084       0xa8 ./KSDK/platform/hal/mcg/fsl_mcg_hal.o
                0x00007084                CLOCK_HAL_GetOutClk
 .text.NVIC_EnableIRQ
                0x0000712c       0x30 ./KSDK/platform/drivers/uart/src/fsl_uart_driver.o
 .text.UART_HAL_EnableTransmitter
                0x0000715c       0x24 ./KSDK/platform/drivers/uart/src/fsl_uart_driver.o
 .text.UART_HAL_EnableReceiver
                0x00007180       0x24 ./KSDK/platform/drivers/uart/src/fsl_uart_driver.o
 .text.UART_HAL_SetBitCountPerChar
                0x000071a4       0x28 ./KSDK/platform/drivers/uart/src/fsl_uart_driver.o
 .text.UART_HAL_SetParityMode
                0x000071cc       0x2c ./KSDK/platform/drivers/uart/src/fsl_uart_driver.o
 .text.UART_HAL_SetStopBitCount
                0x000071f8       0x24 ./KSDK/platform/drivers/uart/src/fsl_uart_driver.o
 .text.UART_HAL_SetTxDataRegEmptyIntCmd
                0x0000721c       0x28 ./KSDK/platform/drivers/uart/src/fsl_uart_driver.o
 .text.UART_HAL_GetTxDataRegEmptyIntCmd
                0x00007244       0x30 ./KSDK/platform/drivers/uart/src/fsl_uart_driver.o
 .text.UART_HAL_SetRxDataRegFullIntCmd
                0x00007274       0x28 ./KSDK/platform/drivers/uart/src/fsl_uart_driver.o
 .text.UART_HAL_GetRxDataRegFullIntCmd
                0x0000729c       0x30 ./KSDK/platform/drivers/uart/src/fsl_uart_driver.o
 .text.UART_HAL_IsTxDataRegEmpty
                0x000072cc       0x30 ./KSDK/platform/drivers/uart/src/fsl_uart_driver.o
 .text.UART_HAL_IsRxDataRegFull
                0x000072fc       0x30 ./KSDK/platform/drivers/uart/src/fsl_uart_driver.o
 .text.UART_HAL_GetTxFifoSize
                0x0000732c       0x24 ./KSDK/platform/drivers/uart/src/fsl_uart_driver.o
 .text.UART_HAL_GetTxDatawordCountInFifo
                0x00007350       0x1c ./KSDK/platform/drivers/uart/src/fsl_uart_driver.o
 .text.UART_HAL_GetRxDatawordCountInFifo
                0x0000736c       0x1c ./KSDK/platform/drivers/uart/src/fsl_uart_driver.o
 .text.CLOCK_SYS_EnableUartClock
                0x00007388       0x20 ./KSDK/platform/drivers/uart/src/fsl_uart_driver.o
 .text.INT_SYS_EnableIRQ
                0x000073a8       0x54 ./KSDK/platform/drivers/uart/src/fsl_uart_driver.o
 .text.UART_DRV_Init
                0x000073fc      0x170 ./KSDK/platform/drivers/uart/src/fsl_uart_driver.o
                0x000073fc                UART_DRV_Init
 .text.UART_DRV_InstallRxCallback
                0x0000756c       0x54 ./KSDK/platform/drivers/uart/src/fsl_uart_driver.o
                0x0000756c                UART_DRV_InstallRxCallback
 .text.UART_DRV_CompleteSendData
                0x000075c0       0x6c ./KSDK/platform/drivers/uart/src/fsl_uart_driver.o
 .text.UART_DRV_StartSendData
                0x0000762c       0xcc ./KSDK/platform/drivers/uart/src/fsl_uart_driver.o
 .text.UART_DRV_CompleteReceiveData
                0x000076f8       0x6c ./KSDK/platform/drivers/uart/src/fsl_uart_driver.o
 .text.UART_DRV_SendDataBlocking
                0x00007764       0xc0 ./KSDK/platform/drivers/uart/src/fsl_uart_driver.o
                0x00007764                UART_DRV_SendDataBlocking
 .text.UART_DRV_AbortSendingData
                0x00007824       0x5c ./KSDK/platform/drivers/uart/src/fsl_uart_driver.o
                0x00007824                UART_DRV_AbortSendingData
 .text.UART_DRV_IRQHandler
                0x00007880      0x140 ./KSDK/platform/drivers/uart/src/fsl_uart_driver.o
                0x00007880                UART_DRV_IRQHandler
 .text.CLOCK_SYS_EnablePortClock
                0x000079c0       0x20 ./KSDK/boards/frdmk64f120m/hardware_init.o
 .text.hardware_init
                0x000079e0       0x70 ./KSDK/boards/frdmk64f120m/hardware_init.o
                0x000079e0                hardware_init
 .text.PORT_HAL_SetPullMode
                0x00007a50       0x44 ./KSDK/boards/frdmk64f120m/pin_mux.o
 .text.PORT_HAL_SetPullCmd
                0x00007a94       0x48 ./KSDK/boards/frdmk64f120m/pin_mux.o
 .text.PORT_HAL_SetSlewRateMode
                0x00007adc       0x48 ./KSDK/boards/frdmk64f120m/pin_mux.o
 .text.PORT_HAL_SetPassiveFilterCmd
                0x00007b24       0x48 ./KSDK/boards/frdmk64f120m/pin_mux.o
 .text.PORT_HAL_SetOpenDrainCmd
                0x00007b6c       0x48 ./KSDK/boards/frdmk64f120m/pin_mux.o
 .text.PORT_HAL_SetDriveStrengthMode
                0x00007bb4       0x48 ./KSDK/boards/frdmk64f120m/pin_mux.o
 .text.PORT_HAL_SetMuxMode
                0x00007bfc       0x54 ./KSDK/boards/frdmk64f120m/pin_mux.o
 .text.configure_enet_pins
                0x00007c50       0xc4 ./KSDK/boards/frdmk64f120m/pin_mux.o
                0x00007c50                configure_enet_pins
 .text.configure_gpio_pins
                0x00007d14      0x134 ./KSDK/boards/frdmk64f120m/pin_mux.o
                0x00007d14                configure_gpio_pins
 .text.configure_i2c_pins
                0x00007e48       0x78 ./KSDK/boards/frdmk64f120m/pin_mux.o
                0x00007e48                configure_i2c_pins
 .text.configure_sdhc_pins
                0x00007ec0      0x104 ./KSDK/boards/frdmk64f120m/pin_mux.o
                0x00007ec0                configure_sdhc_pins
 .text.configure_spi_pins
                0x00007fc4       0x74 ./KSDK/boards/frdmk64f120m/pin_mux.o
                0x00007fc4                configure_spi_pins
 .text.configure_uart_pins
                0x00008038       0x50 ./KSDK/boards/frdmk64f120m/pin_mux.o
                0x00008038                configure_uart_pins
 .text.configure_ftm_pins
                0x00008088       0x28 ./KSDK/boards/frdmk64f120m/pin_mux.o
                0x00008088                configure_ftm_pins
 .text.configure_adc_pins
                0x000080b0       0x28 ./KSDK/boards/frdmk64f120m/pin_mux.o
                0x000080b0                configure_adc_pins
 .text.init_data_bss
                0x000080d8       0xb8 ./BSP/KSDK/startup.o
                0x000080d8                init_data_bss
 .text.BSP_Ser_Init
                0x00008190       0x70 ./BSP/bsp_ser.o
                0x00008190                BSP_Ser_Init
 .text.BSP_Ser_Printf
                0x00008200       0x3c ./BSP/bsp_ser.o
                0x00008200                BSP_Ser_Printf
 .text.BSP_Ser_WrStr
                0x0000823c       0x44 ./BSP/bsp_ser.o
                0x0000823c                BSP_Ser_WrStr
 .text.BSP_Ser_ISR_Handler
                0x00008280       0x1c ./BSP/bsp_ser.o
 .text.RxCallBackFnct
                0x0000829c       0x18 ./BSP/bsp_ser.o
 .text.CPU_TS_TmrInit
                0x000082b4       0x48 ./BSP/cpu_bsp.o
                0x000082b4                CPU_TS_TmrInit
 .text.CPU_TS_TmrRd
                0x000082fc       0x20 ./BSP/cpu_bsp.o
                0x000082fc                CPU_TS_TmrRd
 .text.I2C_WriteRegister
                0x0000831c       0xd8 ./APP/I2C.o
                0x0000831c                I2C_WriteRegister
 .text.I2C_ReadMultiRegisters
                0x000083f4      0x1d0 ./APP/I2C.o
                0x000083f4                I2C_ReadMultiRegisters
 .text.Pause    0x000085c4       0x28 ./APP/I2C.o
                0x000085c4                Pause
 .text.NVIC_EnableIRQ
                0x000085ec       0x30 ./APP/app.o
 .text.INT_SYS_EnableIRQ
                0x0000861c       0x54 ./APP/app.o
 .text.main     0x00008670      0x134 ./APP/app.o
                0x00008670                main
 .text.AppTaskStart
                0x000087a4      0x20c ./APP/app.o
 .text.Accelerometer
                0x000089b0      0x16c ./APP/app.o
 .text.MCU_Init
                0x00008b1c       0x4c ./APP/app.o
                0x00008b1c                MCU_Init
 .text.FXOS8700CQ_Init
                0x00008b68       0x60 ./APP/app.o
                0x00008b68                FXOS8700CQ_Init
 .text.FXOS8700CQ_Accel_Calibration
                0x00008bc8      0x100 ./APP/app.o
                0x00008bc8                FXOS8700CQ_Accel_Calibration
 .text.Zero_Hz  0x00008cc8       0x8c ./APP/app.o
 .text.Serial_print_values
                0x00008d54      0x1ac ./APP/app.o
 .text.Thermometer
                0x00008f00      0x128 ./APP/app.o
 .text.setup_adc1
                0x00009028       0x44 ./APP/app.o
 .text.adc1_int_hdlr
                0x0000906c       0x40 ./APP/app.o
 *fill*         0x000090ac        0x4 
 .text.Rain_sensor
                0x000090b0      0x118 ./APP/app.o
 .text.setup_adc0
                0x000091c8       0x44 ./APP/app.o
 .text.adc0_int_hdlr
                0x0000920c       0x40 ./APP/app.o
 .text.ftm0_setup
                0x0000924c       0x7c ./APP/app.o
 .text.ftm0_int_hdlr
                0x000092c8      0x120 ./APP/app.o
                0x000092c8                ftm0_int_hdlr
 .text.TaskFtm0
                0x000093e8       0xd0 ./APP/app.o
 .text.AppObjCreate
                0x000094b8       0x70 ./APP/app.o
 .text.AppTaskCreate
                0x00009528      0x10c ./APP/app.o
 .text.App_TaskObj0
                0x00009634       0xa0 ./APP/app.o
 .text.App_TaskObj1
                0x000096d4       0x9c ./APP/app.o
 .text.App_TaskEq0Fp
                0x00009770      0x318 ./APP/app.o
 .text.App_TaskEq1Fp
                0x00009a88      0x1f4 ./APP/app.o
 *fill*         0x00009c7c        0x4 
 .text.cos      0x00009c80       0xa8 c:/freescale/kds_v3/toolchain/bin/../lib/gcc/arm-none-eabi/4.8.4/../../../../arm-none-eabi/lib/armv7e-m/fpu\libm.a(lib_a-s_cos.o)
                0x00009c80                cos
 .text.sin      0x00009d28       0xb0 c:/freescale/kds_v3/toolchain/bin/../lib/gcc/arm-none-eabi/4.8.4/../../../../arm-none-eabi/lib/armv7e-m/fpu\libm.a(lib_a-s_sin.o)
                0x00009d28                sin
 .text.exp      0x00009dd8      0x108 c:/freescale/kds_v3/toolchain/bin/../lib/gcc/arm-none-eabi/4.8.4/../../../../arm-none-eabi/lib/armv7e-m/fpu\libm.a(lib_a-w_exp.o)
                0x00009dd8                exp
 .text.__ieee754_exp
                0x00009ee0      0x328 c:/freescale/kds_v3/toolchain/bin/../lib/gcc/arm-none-eabi/4.8.4/../../../../arm-none-eabi/lib/armv7e-m/fpu\libm.a(lib_a-e_exp.o)
                0x00009ee0                __ieee754_exp
 .text.__ieee754_rem_pio2
                0x0000a208      0x450 c:/freescale/kds_v3/toolchain/bin/../lib/gcc/arm-none-eabi/4.8.4/../../../../arm-none-eabi/lib/armv7e-m/fpu\libm.a(lib_a-e_rem_pio2.o)
                0x0000a208                __ieee754_rem_pio2
 .text.__kernel_cos
                0x0000a658      0x280 c:/freescale/kds_v3/toolchain/bin/../lib/gcc/arm-none-eabi/4.8.4/../../../../arm-none-eabi/lib/armv7e-m/fpu\libm.a(lib_a-k_cos.o)
                0x0000a658                __kernel_cos
 .text.__kernel_rem_pio2
                0x0000a8d8      0x798 c:/freescale/kds_v3/toolchain/bin/../lib/gcc/arm-none-eabi/4.8.4/../../../../arm-none-eabi/lib/armv7e-m/fpu\libm.a(lib_a-k_rem_pio2.o)
                0x0000a8d8                __kernel_rem_pio2
 .text.__kernel_sin
                0x0000b070      0x190 c:/freescale/kds_v3/toolchain/bin/../lib/gcc/arm-none-eabi/4.8.4/../../../../arm-none-eabi/lib/armv7e-m/fpu\libm.a(lib_a-k_sin.o)
                0x0000b070                __kernel_sin
 .text.fabs     0x0000b200       0x14 c:/freescale/kds_v3/toolchain/bin/../lib/gcc/arm-none-eabi/4.8.4/../../../../arm-none-eabi/lib/armv7e-m/fpu\libm.a(lib_a-s_fabs.o)
                0x0000b200                fabs
 .text.finite   0x0000b214       0x10 c:/freescale/kds_v3/toolchain/bin/../lib/gcc/arm-none-eabi/4.8.4/../../../../arm-none-eabi/lib/armv7e-m/fpu\libm.a(lib_a-s_finite.o)
                0x0000b214                finite
 *fill*         0x0000b224        0x4 
 .text.floor    0x0000b228      0x138 c:/freescale/kds_v3/toolchain/bin/../lib/gcc/arm-none-eabi/4.8.4/../../../../arm-none-eabi/lib/armv7e-m/fpu\libm.a(lib_a-s_floor.o)
                0x0000b228                floor
 .text.matherr  0x0000b360        0x4 c:/freescale/kds_v3/toolchain/bin/../lib/gcc/arm-none-eabi/4.8.4/../../../../arm-none-eabi/lib/armv7e-m/fpu\libm.a(lib_a-s_matherr.o)
                0x0000b360                matherr
 *fill*         0x0000b364        0x4 
 .text.scalbn   0x0000b368      0x120 c:/freescale/kds_v3/toolchain/bin/../lib/gcc/arm-none-eabi/4.8.4/../../../../arm-none-eabi/lib/armv7e-m/fpu\libm.a(lib_a-s_scalbn.o)
                0x0000b368                scalbn
 .text.copysign
                0x0000b488       0x24 c:/freescale/kds_v3/toolchain/bin/../lib/gcc/arm-none-eabi/4.8.4/../../../../arm-none-eabi/lib/armv7e-m/fpu\libm.a(lib_a-s_copysign.o)
                0x0000b488                copysign
 .text.__assert_func
                0x0000b4ac       0x38 c:/freescale/kds_v3/toolchain/bin/../lib/gcc/arm-none-eabi/4.8.4/../../../../arm-none-eabi/lib/armv7e-m/fpu\libg_s.a(lib_a-assert.o)
                0x0000b4ac                __assert_func
 .text.__errno  0x0000b4e4        0xc c:/freescale/kds_v3/toolchain/bin/../lib/gcc/arm-none-eabi/4.8.4/../../../../arm-none-eabi/lib/armv7e-m/fpu\libg_s.a(lib_a-errno.o)
                0x0000b4e4                __errno
 .text.exit     0x0000b4f0       0x28 c:/freescale/kds_v3/toolchain/bin/../lib/gcc/arm-none-eabi/4.8.4/../../../../arm-none-eabi/lib/armv7e-m/fpu\libg_s.a(lib_a-exit.o)
                0x0000b4f0                exit
 .text.fprintf  0x0000b518       0x24 c:/freescale/kds_v3/toolchain/bin/../lib/gcc/arm-none-eabi/4.8.4/../../../../arm-none-eabi/lib/armv7e-m/fpu\libg_s.a(lib_a-fprintf.o)
                0x0000b518                fiprintf
                0x0000b518                fprintf
 .text.__libc_init_array
                0x0000b53c       0x4c c:/freescale/kds_v3/toolchain/bin/../lib/gcc/arm-none-eabi/4.8.4/../../../../arm-none-eabi/lib/armv7e-m/fpu\libg_s.a(lib_a-init.o)
                0x0000b53c                __libc_init_array
 .text.malloc   0x0000b588       0x10 c:/freescale/kds_v3/toolchain/bin/../lib/gcc/arm-none-eabi/4.8.4/../../../../arm-none-eabi/lib/armv7e-m/fpu\libg_s.a(lib_a-malloc.o)
                0x0000b588                malloc
 .text.memset   0x0000b598       0x10 c:/freescale/kds_v3/toolchain/bin/../lib/gcc/arm-none-eabi/4.8.4/../../../../arm-none-eabi/lib/armv7e-m/fpu\libg_s.a(lib_a-memset.o)
                0x0000b598                memset
 .text._calloc_r
                0x0000b5a8       0x1c c:/freescale/kds_v3/toolchain/bin/../lib/gcc/arm-none-eabi/4.8.4/../../../../arm-none-eabi/lib/armv7e-m/fpu\libg_s.a(lib_a-nano-callocr.o)
                0x0000b5a8                _calloc_r
 .text._free_r  0x0000b5c4       0x88 c:/freescale/kds_v3/toolchain/bin/../lib/gcc/arm-none-eabi/4.8.4/../../../../arm-none-eabi/lib/armv7e-m/fpu\libg_s.a(lib_a-nano-freer.o)
                0x0000b5c4                _free_r
 .text._malloc_r
                0x0000b64c       0xa8 c:/freescale/kds_v3/toolchain/bin/../lib/gcc/arm-none-eabi/4.8.4/../../../../arm-none-eabi/lib/armv7e-m/fpu\libg_s.a(lib_a-nano-mallocr.o)
                0x0000b64c                _malloc_r
 .text._sbrk_r  0x0000b6f4       0x20 c:/freescale/kds_v3/toolchain/bin/../lib/gcc/arm-none-eabi/4.8.4/../../../../arm-none-eabi/lib/armv7e-m/fpu\libg_s.a(lib_a-sbrkr.o)
                0x0000b6f4                _sbrk_r
 .text.__sfputc_r
                0x0000b714       0x2c c:/freescale/kds_v3/toolchain/bin/../lib/gcc/arm-none-eabi/4.8.4/../../../../arm-none-eabi/lib/armv7e-m/fpu\libg_s.a(lib_a-vfprintf.o)
 .text.__sfputs_r
                0x0000b740       0x24 c:/freescale/kds_v3/toolchain/bin/../lib/gcc/arm-none-eabi/4.8.4/../../../../arm-none-eabi/lib/armv7e-m/fpu\libg_s.a(lib_a-vfprintf.o)
                0x0000b740                __sfputs_r
 .text._vfprintf_r
                0x0000b764      0x208 c:/freescale/kds_v3/toolchain/bin/../lib/gcc/arm-none-eabi/4.8.4/../../../../arm-none-eabi/lib/armv7e-m/fpu\libg_s.a(lib_a-vfprintf.o)
                0x0000b764                _vfprintf_r
                0x0000b764                _vfiprintf_r
 .text.__cvt    0x0000b96c       0xc0 c:/freescale/kds_v3/toolchain/bin/../lib/gcc/arm-none-eabi/4.8.4/../../../../arm-none-eabi/lib/armv7e-m/fpu\libg_s.a(lib_a-vfprintf_float.o)
                0x0000b96c                __cvt
 .text.__exponent
                0x0000ba2c       0x66 c:/freescale/kds_v3/toolchain/bin/../lib/gcc/arm-none-eabi/4.8.4/../../../../arm-none-eabi/lib/armv7e-m/fpu\libg_s.a(lib_a-vfprintf_float.o)
                0x0000ba2c                __exponent
 *fill*         0x0000ba92        0x2 
 .text._printf_float
                0x0000ba94      0x420 c:/freescale/kds_v3/toolchain/bin/../lib/gcc/arm-none-eabi/4.8.4/../../../../arm-none-eabi/lib/armv7e-m/fpu\libg_s.a(lib_a-vfprintf_float.o)
                0x0000ba94                _printf_float
 .text._printf_common
                0x0000beb4       0xe4 c:/freescale/kds_v3/toolchain/bin/../lib/gcc/arm-none-eabi/4.8.4/../../../../arm-none-eabi/lib/armv7e-m/fpu\libg_s.a(lib_a-vfprintf_i.o)
                0x0000beb4                _printf_common
 .text._printf_i
                0x0000bf98      0x228 c:/freescale/kds_v3/toolchain/bin/../lib/gcc/arm-none-eabi/4.8.4/../../../../arm-none-eabi/lib/armv7e-m/fpu\libg_s.a(lib_a-vfprintf_i.o)
                0x0000bf98                _printf_i
 .text._scanf_float
                0x0000c1c0      0x3e0 c:/freescale/kds_v3/toolchain/bin/../lib/gcc/arm-none-eabi/4.8.4/../../../../arm-none-eabi/lib/armv7e-m/fpu\libg_s.a(lib_a-vfscanf_float.o)
                0x0000c1c0                _scanf_float
 .text._vsprintf_r
                0x0000c5a0       0x30 c:/freescale/kds_v3/toolchain/bin/../lib/gcc/arm-none-eabi/4.8.4/../../../../arm-none-eabi/lib/armv7e-m/fpu\libg_s.a(lib_a-vsprintf.o)
                0x0000c5a0                _vsprintf_r
                0x0000c5a0                _vsiprintf_r
 .text.vsprintf
                0x0000c5d0       0x1c c:/freescale/kds_v3/toolchain/bin/../lib/gcc/arm-none-eabi/4.8.4/../../../../arm-none-eabi/lib/armv7e-m/fpu\libg_s.a(lib_a-vsprintf.o)
                0x0000c5d0                vsiprintf
                0x0000c5d0                vsprintf
 .text.__swbuf_r
                0x0000c5ec       0xa8 c:/freescale/kds_v3/toolchain/bin/../lib/gcc/arm-none-eabi/4.8.4/../../../../arm-none-eabi/lib/armv7e-m/fpu\libg_s.a(lib_a-wbuf.o)
                0x0000c5ec                __swbuf_r
 .text.__swsetup_r
                0x0000c694       0xdc c:/freescale/kds_v3/toolchain/bin/../lib/gcc/arm-none-eabi/4.8.4/../../../../arm-none-eabi/lib/armv7e-m/fpu\libg_s.a(lib_a-wsetup.o)
                0x0000c694                __swsetup_r
 .text.abort    0x0000c770        0xe c:/freescale/kds_v3/toolchain/bin/../lib/gcc/arm-none-eabi/4.8.4/../../../../arm-none-eabi/lib/armv7e-m/fpu\libg_s.a(lib_a-abort.o)
                0x0000c770                abort
 .text.quorem   0x0000c77e      0x11a c:/freescale/kds_v3/toolchain/bin/../lib/gcc/arm-none-eabi/4.8.4/../../../../arm-none-eabi/lib/armv7e-m/fpu\libg_s.a(lib_a-dtoa.o)
 .text._dtoa_r  0x0000c898      0xb70 c:/freescale/kds_v3/toolchain/bin/../lib/gcc/arm-none-eabi/4.8.4/../../../../arm-none-eabi/lib/armv7e-m/fpu\libg_s.a(lib_a-dtoa.o)
                0x0000c898                _dtoa_r
 .text.__sflush_r
                0x0000d408      0x106 c:/freescale/kds_v3/toolchain/bin/../lib/gcc/arm-none-eabi/4.8.4/../../../../arm-none-eabi/lib/armv7e-m/fpu\libg_s.a(lib_a-fflush.o)
                0x0000d408                __sflush_r
 *fill*         0x0000d50e        0x2 
 .text._fflush_r
                0x0000d510       0x54 c:/freescale/kds_v3/toolchain/bin/../lib/gcc/arm-none-eabi/4.8.4/../../../../arm-none-eabi/lib/armv7e-m/fpu\libg_s.a(lib_a-fflush.o)
                0x0000d510                _fflush_r
 .text._cleanup_r
                0x0000d564       0x32 c:/freescale/kds_v3/toolchain/bin/../lib/gcc/arm-none-eabi/4.8.4/../../../../arm-none-eabi/lib/armv7e-m/fpu\libg_s.a(lib_a-findfp.o)
                0x0000d564                _cleanup_r
 *fill*         0x0000d596        0x2 
 .text.std.isra.0
                0x0000d598       0x48 c:/freescale/kds_v3/toolchain/bin/../lib/gcc/arm-none-eabi/4.8.4/../../../../arm-none-eabi/lib/armv7e-m/fpu\libg_s.a(lib_a-findfp.o)
 .text.__sfmoreglue
                0x0000d5e0       0x2c c:/freescale/kds_v3/toolchain/bin/../lib/gcc/arm-none-eabi/4.8.4/../../../../arm-none-eabi/lib/armv7e-m/fpu\libg_s.a(lib_a-findfp.o)
                0x0000d5e0                __sfmoreglue
 .text.__sinit  0x0000d60c       0x60 c:/freescale/kds_v3/toolchain/bin/../lib/gcc/arm-none-eabi/4.8.4/../../../../arm-none-eabi/lib/armv7e-m/fpu\libg_s.a(lib_a-findfp.o)
                0x0000d60c                __sinit
 .text.__sfp    0x0000d66c       0x74 c:/freescale/kds_v3/toolchain/bin/../lib/gcc/arm-none-eabi/4.8.4/../../../../arm-none-eabi/lib/armv7e-m/fpu\libg_s.a(lib_a-findfp.o)
                0x0000d66c                __sfp
 .text._localeconv_r
                0x0000d6e0        0x8 c:/freescale/kds_v3/toolchain/bin/../lib/gcc/arm-none-eabi/4.8.4/../../../../arm-none-eabi/lib/armv7e-m/fpu\libg_s.a(lib_a-locale.o)
                0x0000d6e0                _localeconv_r
 .text.__smakebuf_r
                0x0000d6e8       0x9c c:/freescale/kds_v3/toolchain/bin/../lib/gcc/arm-none-eabi/4.8.4/../../../../arm-none-eabi/lib/armv7e-m/fpu\libg_s.a(lib_a-makebuf.o)
                0x0000d6e8                __smakebuf_r
 .text.memchr   0x0000d784       0x1e c:/freescale/kds_v3/toolchain/bin/../lib/gcc/arm-none-eabi/4.8.4/../../../../arm-none-eabi/lib/armv7e-m/fpu\libg_s.a(lib_a-memchr-stub.o)
                0x0000d784                memchr
 .text.memcpy   0x0000d7a2       0x12 c:/freescale/kds_v3/toolchain/bin/../lib/gcc/arm-none-eabi/4.8.4/../../../../arm-none-eabi/lib/armv7e-m/fpu\libg_s.a(lib_a-memcpy-stub.o)
                0x0000d7a2                memcpy
 .text.memmove  0x0000d7b4       0x36 c:/freescale/kds_v3/toolchain/bin/../lib/gcc/arm-none-eabi/4.8.4/../../../../arm-none-eabi/lib/armv7e-m/fpu\libg_s.a(lib_a-memmove.o)
                0x0000d7b4                memmove
 .text._Balloc  0x0000d7ea       0x6a c:/freescale/kds_v3/toolchain/bin/../lib/gcc/arm-none-eabi/4.8.4/../../../../arm-none-eabi/lib/armv7e-m/fpu\libg_s.a(lib_a-mprec.o)
                0x0000d7ea                _Balloc
 .text._Bfree   0x0000d854       0x2e c:/freescale/kds_v3/toolchain/bin/../lib/gcc/arm-none-eabi/4.8.4/../../../../arm-none-eabi/lib/armv7e-m/fpu\libg_s.a(lib_a-mprec.o)
                0x0000d854                _Bfree
 .text.__multadd
                0x0000d882       0x74 c:/freescale/kds_v3/toolchain/bin/../lib/gcc/arm-none-eabi/4.8.4/../../../../arm-none-eabi/lib/armv7e-m/fpu\libg_s.a(lib_a-mprec.o)
                0x0000d882                __multadd
 .text.__s2b    0x0000d8f6       0x84 c:/freescale/kds_v3/toolchain/bin/../lib/gcc/arm-none-eabi/4.8.4/../../../../arm-none-eabi/lib/armv7e-m/fpu\libg_s.a(lib_a-mprec.o)
                0x0000d8f6                __s2b
 .text.__hi0bits
                0x0000d97a       0x40 c:/freescale/kds_v3/toolchain/bin/../lib/gcc/arm-none-eabi/4.8.4/../../../../arm-none-eabi/lib/armv7e-m/fpu\libg_s.a(lib_a-mprec.o)
                0x0000d97a                __hi0bits
 .text.__lo0bits
                0x0000d9ba       0x5a c:/freescale/kds_v3/toolchain/bin/../lib/gcc/arm-none-eabi/4.8.4/../../../../arm-none-eabi/lib/armv7e-m/fpu\libg_s.a(lib_a-mprec.o)
                0x0000d9ba                __lo0bits
 .text.__i2b    0x0000da14       0x12 c:/freescale/kds_v3/toolchain/bin/../lib/gcc/arm-none-eabi/4.8.4/../../../../arm-none-eabi/lib/armv7e-m/fpu\libg_s.a(lib_a-mprec.o)
                0x0000da14                __i2b
 .text.__multiply
                0x0000da26      0x130 c:/freescale/kds_v3/toolchain/bin/../lib/gcc/arm-none-eabi/4.8.4/../../../../arm-none-eabi/lib/armv7e-m/fpu\libg_s.a(lib_a-mprec.o)
                0x0000da26                __multiply
 *fill*         0x0000db56        0x2 
 .text.__pow5mult
                0x0000db58       0x9c c:/freescale/kds_v3/toolchain/bin/../lib/gcc/arm-none-eabi/4.8.4/../../../../arm-none-eabi/lib/armv7e-m/fpu\libg_s.a(lib_a-mprec.o)
                0x0000db58                __pow5mult
 .text.__lshift
                0x0000dbf4       0xa6 c:/freescale/kds_v3/toolchain/bin/../lib/gcc/arm-none-eabi/4.8.4/../../../../arm-none-eabi/lib/armv7e-m/fpu\libg_s.a(lib_a-mprec.o)
                0x0000dbf4                __lshift
 .text.__mcmp   0x0000dc9a       0x3a c:/freescale/kds_v3/toolchain/bin/../lib/gcc/arm-none-eabi/4.8.4/../../../../arm-none-eabi/lib/armv7e-m/fpu\libg_s.a(lib_a-mprec.o)
                0x0000dc9a                __mcmp
 .text.__mdiff  0x0000dcd4       0xbc c:/freescale/kds_v3/toolchain/bin/../lib/gcc/arm-none-eabi/4.8.4/../../../../arm-none-eabi/lib/armv7e-m/fpu\libg_s.a(lib_a-mprec.o)
                0x0000dcd4                __mdiff
 .text.__ulp    0x0000dd90       0x4a c:/freescale/kds_v3/toolchain/bin/../lib/gcc/arm-none-eabi/4.8.4/../../../../arm-none-eabi/lib/armv7e-m/fpu\libg_s.a(lib_a-mprec.o)
                0x0000dd90                __ulp
 .text.__b2d    0x0000ddda       0xa6 c:/freescale/kds_v3/toolchain/bin/../lib/gcc/arm-none-eabi/4.8.4/../../../../arm-none-eabi/lib/armv7e-m/fpu\libg_s.a(lib_a-mprec.o)
                0x0000ddda                __b2d
 .text.__d2b    0x0000de80       0xa0 c:/freescale/kds_v3/toolchain/bin/../lib/gcc/arm-none-eabi/4.8.4/../../../../arm-none-eabi/lib/armv7e-m/fpu\libg_s.a(lib_a-mprec.o)
                0x0000de80                __d2b
 .text.__ratio  0x0000df20       0x4e c:/freescale/kds_v3/toolchain/bin/../lib/gcc/arm-none-eabi/4.8.4/../../../../arm-none-eabi/lib/armv7e-m/fpu\libg_s.a(lib_a-mprec.o)
                0x0000df20                __ratio
 .text.__copybits
                0x0000df6e       0x32 c:/freescale/kds_v3/toolchain/bin/../lib/gcc/arm-none-eabi/4.8.4/../../../../arm-none-eabi/lib/armv7e-m/fpu\libg_s.a(lib_a-mprec.o)
                0x0000df6e                __copybits
 .text.__any_on
                0x0000dfa0       0x48 c:/freescale/kds_v3/toolchain/bin/../lib/gcc/arm-none-eabi/4.8.4/../../../../arm-none-eabi/lib/armv7e-m/fpu\libg_s.a(lib_a-mprec.o)
                0x0000dfa0                __any_on
 .text._realloc_r
                0x0000dfe8       0x4c c:/freescale/kds_v3/toolchain/bin/../lib/gcc/arm-none-eabi/4.8.4/../../../../arm-none-eabi/lib/armv7e-m/fpu\libg_s.a(lib_a-nano-reallocr.o)
                0x0000dfe8                _realloc_r
 .text.__fpclassifyd
                0x0000e034       0x48 c:/freescale/kds_v3/toolchain/bin/../lib/gcc/arm-none-eabi/4.8.4/../../../../arm-none-eabi/lib/armv7e-m/fpu\libg_s.a(lib_a-s_fpclassify.o)
                0x0000e034                __fpclassifyd
 .text.nanf     0x0000e07c        0xc c:/freescale/kds_v3/toolchain/bin/../lib/gcc/arm-none-eabi/4.8.4/../../../../arm-none-eabi/lib/armv7e-m/fpu\libg_s.a(lib_a-sf_nan.o)
                0x0000e07c                nanf
 .text._raise_r
                0x0000e088       0x50 c:/freescale/kds_v3/toolchain/bin/../lib/gcc/arm-none-eabi/4.8.4/../../../../arm-none-eabi/lib/armv7e-m/fpu\libg_s.a(lib_a-signal.o)
                0x0000e088                _raise_r
 .text.raise    0x0000e0d8       0x10 c:/freescale/kds_v3/toolchain/bin/../lib/gcc/arm-none-eabi/4.8.4/../../../../arm-none-eabi/lib/armv7e-m/fpu\libg_s.a(lib_a-signal.o)
                0x0000e0d8                raise
 .text._kill_r  0x0000e0e8       0x24 c:/freescale/kds_v3/toolchain/bin/../lib/gcc/arm-none-eabi/4.8.4/../../../../arm-none-eabi/lib/armv7e-m/fpu\libg_s.a(lib_a-signalr.o)
                0x0000e0e8                _kill_r
 .text._getpid_r
                0x0000e10c        0x4 c:/freescale/kds_v3/toolchain/bin/../lib/gcc/arm-none-eabi/4.8.4/../../../../arm-none-eabi/lib/armv7e-m/fpu\libg_s.a(lib_a-signalr.o)
                0x0000e10c                _getpid_r
 .text.sprintf  0x0000e110       0x48 c:/freescale/kds_v3/toolchain/bin/../lib/gcc/arm-none-eabi/4.8.4/../../../../arm-none-eabi/lib/armv7e-m/fpu\libg_s.a(lib_a-sprintf.o)
                0x0000e110                siprintf
                0x0000e110                sprintf
 .text.__sread  0x0000e158       0x22 c:/freescale/kds_v3/toolchain/bin/../lib/gcc/arm-none-eabi/4.8.4/../../../../arm-none-eabi/lib/armv7e-m/fpu\libg_s.a(lib_a-stdio.o)
                0x0000e158                __sread
 .text.__swrite
                0x0000e17a       0x38 c:/freescale/kds_v3/toolchain/bin/../lib/gcc/arm-none-eabi/4.8.4/../../../../arm-none-eabi/lib/armv7e-m/fpu\libg_s.a(lib_a-stdio.o)
                0x0000e17a                __swrite
 .text.__sseek  0x0000e1b2       0x24 c:/freescale/kds_v3/toolchain/bin/../lib/gcc/arm-none-eabi/4.8.4/../../../../arm-none-eabi/lib/armv7e-m/fpu\libg_s.a(lib_a-stdio.o)
                0x0000e1b2                __sseek
 .text.__sclose
                0x0000e1d6        0x8 c:/freescale/kds_v3/toolchain/bin/../lib/gcc/arm-none-eabi/4.8.4/../../../../arm-none-eabi/lib/armv7e-m/fpu\libg_s.a(lib_a-stdio.o)
                0x0000e1d6                __sclose
 .text.strlen   0x0000e1de       0x10 c:/freescale/kds_v3/toolchain/bin/../lib/gcc/arm-none-eabi/4.8.4/../../../../arm-none-eabi/lib/armv7e-m/fpu\libg_s.a(lib_a-strlen.o)
                0x0000e1de                strlen
 .text.match    0x0000e1ee       0x28 c:/freescale/kds_v3/toolchain/bin/../lib/gcc/arm-none-eabi/4.8.4/../../../../arm-none-eabi/lib/armv7e-m/fpu\libg_s.a(lib_a-strtod.o)
 .text.sulp     0x0000e216       0x34 c:/freescale/kds_v3/toolchain/bin/../lib/gcc/arm-none-eabi/4.8.4/../../../../arm-none-eabi/lib/armv7e-m/fpu\libg_s.a(lib_a-strtod.o)
 *fill*         0x0000e24a        0x6 
 .text._strtod_r
                0x0000e250      0xc48 c:/freescale/kds_v3/toolchain/bin/../lib/gcc/arm-none-eabi/4.8.4/../../../../arm-none-eabi/lib/armv7e-m/fpu\libg_s.a(lib_a-strtod.o)
                0x0000e250                _strtod_r
 .text._strtol_r
                0x0000ee98      0x104 c:/freescale/kds_v3/toolchain/bin/../lib/gcc/arm-none-eabi/4.8.4/../../../../arm-none-eabi/lib/armv7e-m/fpu\libg_s.a(lib_a-strtol.o)
                0x0000ee98                _strtol_r
 .text.__ssputs_r
                0x0000ef9c       0xb8 c:/freescale/kds_v3/toolchain/bin/../lib/gcc/arm-none-eabi/4.8.4/../../../../arm-none-eabi/lib/armv7e-m/fpu\libg_s.a(lib_a-svfprintf.o)
                0x0000ef9c                __ssputs_r
 .text._svfprintf_r
                0x0000f054      0x1dc c:/freescale/kds_v3/toolchain/bin/../lib/gcc/arm-none-eabi/4.8.4/../../../../arm-none-eabi/lib/armv7e-m/fpu\libg_s.a(lib_a-svfprintf.o)
                0x0000f054                _svfiprintf_r
                0x0000f054                _svfprintf_r
 .text._write_r
                0x0000f230       0x24 c:/freescale/kds_v3/toolchain/bin/../lib/gcc/arm-none-eabi/4.8.4/../../../../arm-none-eabi/lib/armv7e-m/fpu\libg_s.a(lib_a-writer.o)
                0x0000f230                _write_r
 .text._close_r
                0x0000f254       0x20 c:/freescale/kds_v3/toolchain/bin/../lib/gcc/arm-none-eabi/4.8.4/../../../../arm-none-eabi/lib/armv7e-m/fpu\libg_s.a(lib_a-closer.o)
                0x0000f254                _close_r
 .text._fstat_r
                0x0000f274       0x24 c:/freescale/kds_v3/toolchain/bin/../lib/gcc/arm-none-eabi/4.8.4/../../../../arm-none-eabi/lib/armv7e-m/fpu\libg_s.a(lib_a-fstatr.o)
                0x0000f274                _fstat_r
 .text.rshift   0x0000f298       0x6a c:/freescale/kds_v3/toolchain/bin/../lib/gcc/arm-none-eabi/4.8.4/../../../../arm-none-eabi/lib/armv7e-m/fpu\libg_s.a(lib_a-gdtoa-gethex.o)
 .text.__hexdig_fun
                0x0000f302       0x2a c:/freescale/kds_v3/toolchain/bin/../lib/gcc/arm-none-eabi/4.8.4/../../../../arm-none-eabi/lib/armv7e-m/fpu\libg_s.a(lib_a-gdtoa-gethex.o)
                0x0000f302                __hexdig_fun
 .text.__gethex
                0x0000f32c      0x45e c:/freescale/kds_v3/toolchain/bin/../lib/gcc/arm-none-eabi/4.8.4/../../../../arm-none-eabi/lib/armv7e-m/fpu\libg_s.a(lib_a-gdtoa-gethex.o)
                0x0000f32c                __gethex
 .text.L_shift  0x0000f78a       0x26 c:/freescale/kds_v3/toolchain/bin/../lib/gcc/arm-none-eabi/4.8.4/../../../../arm-none-eabi/lib/armv7e-m/fpu\libg_s.a(lib_a-gdtoa-hexnan.o)
 .text.__hexnan
                0x0000f7b0      0x120 c:/freescale/kds_v3/toolchain/bin/../lib/gcc/arm-none-eabi/4.8.4/../../../../arm-none-eabi/lib/armv7e-m/fpu\libg_s.a(lib_a-gdtoa-hexnan.o)
                0x0000f7b0                __hexnan
 .text._isatty_r
                0x0000f8d0       0x20 c:/freescale/kds_v3/toolchain/bin/../lib/gcc/arm-none-eabi/4.8.4/../../../../arm-none-eabi/lib/armv7e-m/fpu\libg_s.a(lib_a-isattyr.o)
                0x0000f8d0                _isatty_r
 .text._lseek_r
                0x0000f8f0       0x24 c:/freescale/kds_v3/toolchain/bin/../lib/gcc/arm-none-eabi/4.8.4/../../../../arm-none-eabi/lib/armv7e-m/fpu\libg_s.a(lib_a-lseekr.o)
                0x0000f8f0                _lseek_r
 .text._malloc_usable_size_r
                0x0000f914       0x12 c:/freescale/kds_v3/toolchain/bin/../lib/gcc/arm-none-eabi/4.8.4/../../../../arm-none-eabi/lib/armv7e-m/fpu\libg_s.a(lib_a-nano-msizer.o)
                0x0000f914                _malloc_usable_size_r
 *fill*         0x0000f926        0x2 
 .text._read_r  0x0000f928       0x24 c:/freescale/kds_v3/toolchain/bin/../lib/gcc/arm-none-eabi/4.8.4/../../../../arm-none-eabi/lib/armv7e-m/fpu\libg_s.a(lib_a-readr.o)
                0x0000f928                _read_r
 .text.strncmp  0x0000f94c       0x2e c:/freescale/kds_v3/toolchain/bin/../lib/gcc/arm-none-eabi/4.8.4/../../../../arm-none-eabi/lib/armv7e-m/fpu\libg_s.a(lib_a-strncmp.o)
                0x0000f94c                strncmp
 *fill*         0x0000f97a        0x2 
 .text._close   0x0000f97c       0x10 c:/freescale/kds_v3/toolchain/bin/../lib/gcc/arm-none-eabi/4.8.4/../../../../arm-none-eabi/lib/armv7e-m/fpu\libnosys.a(close.o)
                0x0000f97c                _close
 .text._fstat   0x0000f98c       0x10 c:/freescale/kds_v3/toolchain/bin/../lib/gcc/arm-none-eabi/4.8.4/../../../../arm-none-eabi/lib/armv7e-m/fpu\libnosys.a(fstat.o)
                0x0000f98c                _fstat
 .text._getpid  0x0000f99c       0x10 c:/freescale/kds_v3/toolchain/bin/../lib/gcc/arm-none-eabi/4.8.4/../../../../arm-none-eabi/lib/armv7e-m/fpu\libnosys.a(getpid.o)
                0x0000f99c                _getpid
 .text._isatty  0x0000f9ac       0x10 c:/freescale/kds_v3/toolchain/bin/../lib/gcc/arm-none-eabi/4.8.4/../../../../arm-none-eabi/lib/armv7e-m/fpu\libnosys.a(isatty.o)
                0x0000f9ac                _isatty
 .text._kill    0x0000f9bc       0x10 c:/freescale/kds_v3/toolchain/bin/../lib/gcc/arm-none-eabi/4.8.4/../../../../arm-none-eabi/lib/armv7e-m/fpu\libnosys.a(kill.o)
                0x0000f9bc                _kill
 .text._lseek   0x0000f9cc       0x10 c:/freescale/kds_v3/toolchain/bin/../lib/gcc/arm-none-eabi/4.8.4/../../../../arm-none-eabi/lib/armv7e-m/fpu\libnosys.a(lseek.o)
                0x0000f9cc                _lseek
 .text._read    0x0000f9dc       0x10 c:/freescale/kds_v3/toolchain/bin/../lib/gcc/arm-none-eabi/4.8.4/../../../../arm-none-eabi/lib/armv7e-m/fpu\libnosys.a(read.o)
                0x0000f9dc                _read
 .text._sbrk    0x0000f9ec       0x34 c:/freescale/kds_v3/toolchain/bin/../lib/gcc/arm-none-eabi/4.8.4/../../../../arm-none-eabi/lib/armv7e-m/fpu\libnosys.a(sbrk.o)
                0x0000f9ec                _sbrk
 .text._write   0x0000fa20       0x10 c:/freescale/kds_v3/toolchain/bin/../lib/gcc/arm-none-eabi/4.8.4/../../../../arm-none-eabi/lib/armv7e-m/fpu\libnosys.a(write.o)
                0x0000fa20                _write
 .text._exit    0x0000fa30        0x4 c:/freescale/kds_v3/toolchain/bin/../lib/gcc/arm-none-eabi/4.8.4/../../../../arm-none-eabi/lib/armv7e-m/fpu\libnosys.a(_exit.o)
                0x0000fa30                _exit
 *(.rodata)
 .rodata        0x0000fa34       0x2c ./uCOS-III/Source/os_core.o
 .rodata        0x0000fa60        0xc ./uCOS-III/Source/os_flag.o
 .rodata        0x0000fa6c        0xc ./uCOS-III/Source/os_mutex.o
 .rodata        0x0000fa78        0x8 ./uCOS-III/Source/os_q.o
 .rodata        0x0000fa80        0xc ./uCOS-III/Source/os_sem.o
 .rodata        0x0000fa8c       0x14 ./uCOS-III/Source/os_stat.o
 .rodata        0x0000faa0        0xc ./uCOS-III/Source/os_task.o
 .rodata        0x0000faac       0x14 ./uCOS-III/Source/os_tick.o
 .rodata        0x0000fac0       0x30 ./uCOS-III/Source/os_tmr.o
 .rodata        0x0000faf0       0x40 ./uC-LIB/lib_mem.o
 .rodata        0x0000fb30       0xe4 ./KSDK/platform/system/interrupt/src/fsl_interrupt_manager.o
 .rodata        0x0000fc14       0x28 ./KSDK/platform/osa/src/fsl_os_abstraction_ucosiii.o
 .rodata        0x0000fc3c      0x158 ./KSDK/platform/hal/sim/fsl_sim_hal.o
 .rodata        0x0000fd94      0x198 ./KSDK/platform/drivers/uart/src/fsl_uart_driver.o
 .rodata        0x0000ff2c       0x80 ./KSDK/boards/frdmk64f120m/pin_mux.o
 .rodata        0x0000ffac      0x3cc ./APP/app.o
 *(.rodata*)
 .rodata.OSCfg_IdleTaskStkBasePtr
                0x00010378        0x4 ./uCOS-III/Source/os_cfg_app.o
                0x00010378                OSCfg_IdleTaskStkBasePtr
 .rodata.OSCfg_IdleTaskStkLimit
                0x0001037c        0x4 ./uCOS-III/Source/os_cfg_app.o
                0x0001037c                OSCfg_IdleTaskStkLimit
 .rodata.OSCfg_IdleTaskStkSize
                0x00010380        0x4 ./uCOS-III/Source/os_cfg_app.o
                0x00010380                OSCfg_IdleTaskStkSize
 .rodata.OSCfg_ISRStkBasePtr
                0x00010384        0x4 ./uCOS-III/Source/os_cfg_app.o
                0x00010384                OSCfg_ISRStkBasePtr
 .rodata.OSCfg_ISRStkSize
                0x00010388        0x4 ./uCOS-III/Source/os_cfg_app.o
                0x00010388                OSCfg_ISRStkSize
 .rodata.OSCfg_MsgPoolSize
                0x0001038c        0x2 ./uCOS-III/Source/os_cfg_app.o
                0x0001038c                OSCfg_MsgPoolSize
 *fill*         0x0001038e        0x2 
 .rodata.OSCfg_MsgPoolBasePtr
                0x00010390        0x4 ./uCOS-III/Source/os_cfg_app.o
                0x00010390                OSCfg_MsgPoolBasePtr
 .rodata.OSCfg_StatTaskPrio
                0x00010394        0x1 ./uCOS-III/Source/os_cfg_app.o
                0x00010394                OSCfg_StatTaskPrio
 *fill*         0x00010395        0x3 
 .rodata.OSCfg_StatTaskRate_Hz
                0x00010398        0x4 ./uCOS-III/Source/os_cfg_app.o
                0x00010398                OSCfg_StatTaskRate_Hz
 .rodata.OSCfg_StatTaskStkBasePtr
                0x0001039c        0x4 ./uCOS-III/Source/os_cfg_app.o
                0x0001039c                OSCfg_StatTaskStkBasePtr
 .rodata.OSCfg_StatTaskStkLimit
                0x000103a0        0x4 ./uCOS-III/Source/os_cfg_app.o
                0x000103a0                OSCfg_StatTaskStkLimit
 .rodata.OSCfg_StatTaskStkSize
                0x000103a4        0x4 ./uCOS-III/Source/os_cfg_app.o
                0x000103a4                OSCfg_StatTaskStkSize
 .rodata.OSCfg_StkSizeMin
                0x000103a8        0x4 ./uCOS-III/Source/os_cfg_app.o
                0x000103a8                OSCfg_StkSizeMin
 .rodata.OSCfg_TickRate_Hz
                0x000103ac        0x4 ./uCOS-III/Source/os_cfg_app.o
                0x000103ac                OSCfg_TickRate_Hz
 .rodata.OSCfg_TickTaskPrio
                0x000103b0        0x1 ./uCOS-III/Source/os_cfg_app.o
                0x000103b0                OSCfg_TickTaskPrio
 *fill*         0x000103b1        0x3 
 .rodata.OSCfg_TickTaskStkBasePtr
                0x000103b4        0x4 ./uCOS-III/Source/os_cfg_app.o
                0x000103b4                OSCfg_TickTaskStkBasePtr
 .rodata.OSCfg_TickTaskStkLimit
                0x000103b8        0x4 ./uCOS-III/Source/os_cfg_app.o
                0x000103b8                OSCfg_TickTaskStkLimit
 .rodata.OSCfg_TickTaskStkSize
                0x000103bc        0x4 ./uCOS-III/Source/os_cfg_app.o
                0x000103bc                OSCfg_TickTaskStkSize
 .rodata.OSCfg_TmrTaskPrio
                0x000103c0        0x1 ./uCOS-III/Source/os_cfg_app.o
                0x000103c0                OSCfg_TmrTaskPrio
 *fill*         0x000103c1        0x3 
 .rodata.OSCfg_TmrTaskRate_Hz
                0x000103c4        0x4 ./uCOS-III/Source/os_cfg_app.o
                0x000103c4                OSCfg_TmrTaskRate_Hz
 .rodata.OSCfg_TmrTaskStkBasePtr
                0x000103c8        0x4 ./uCOS-III/Source/os_cfg_app.o
                0x000103c8                OSCfg_TmrTaskStkBasePtr
 .rodata.OSCfg_TmrTaskStkLimit
                0x000103cc        0x4 ./uCOS-III/Source/os_cfg_app.o
                0x000103cc                OSCfg_TmrTaskStkLimit
 .rodata.OSCfg_TmrTaskStkSize
                0x000103d0        0x4 ./uCOS-III/Source/os_cfg_app.o
                0x000103d0                OSCfg_TmrTaskStkSize
 .rodata.OSDbg_DbgEn
                0x000103d4        0x1 ./uCOS-III/Source/os_dbg.o
                0x000103d4                OSDbg_DbgEn
 .rodata.OSDbg_ArgChkEn
                0x000103d5        0x1 ./uCOS-III/Source/os_dbg.o
                0x000103d5                OSDbg_ArgChkEn
 .rodata.OSDbg_AppHooksEn
                0x000103d6        0x1 ./uCOS-III/Source/os_dbg.o
                0x000103d6                OSDbg_AppHooksEn
 *fill*         0x000103d7        0x1 
 .rodata.OSDbg_EndiannessTest
                0x000103d8        0x4 ./uCOS-III/Source/os_dbg.o
                0x000103d8                OSDbg_EndiannessTest
 .rodata.OSDbg_CalledFromISRChkEn
                0x000103dc        0x1 ./uCOS-III/Source/os_dbg.o
                0x000103dc                OSDbg_CalledFromISRChkEn
 .rodata.OSDbg_FlagEn
                0x000103dd        0x1 ./uCOS-III/Source/os_dbg.o
                0x000103dd                OSDbg_FlagEn
 *fill*         0x000103de        0x2 
 .rodata.OSDbg_FlagGrp
                0x000103e0       0x28 ./uCOS-III/Source/os_dbg.o
                0x000103e0                OSDbg_FlagGrp
 .rodata.OSDbg_FlagDelEn
                0x00010408        0x1 ./uCOS-III/Source/os_dbg.o
                0x00010408                OSDbg_FlagDelEn
 .rodata.OSDbg_FlagModeClrEn
                0x00010409        0x1 ./uCOS-III/Source/os_dbg.o
                0x00010409                OSDbg_FlagModeClrEn
 .rodata.OSDbg_FlagPendAbortEn
                0x0001040a        0x1 ./uCOS-III/Source/os_dbg.o
                0x0001040a                OSDbg_FlagPendAbortEn
 *fill*         0x0001040b        0x1 
 .rodata.OSDbg_FlagGrpSize
                0x0001040c        0x2 ./uCOS-III/Source/os_dbg.o
                0x0001040c                OSDbg_FlagGrpSize
 .rodata.OSDbg_FlagWidth
                0x0001040e        0x2 ./uCOS-III/Source/os_dbg.o
                0x0001040e                OSDbg_FlagWidth
 .rodata.OSDbg_ISRPostDeferredEn
                0x00010410        0x1 ./uCOS-III/Source/os_dbg.o
                0x00010410                OSDbg_ISRPostDeferredEn
 *fill*         0x00010411        0x3 
 .rodata.OSDbg_Mem
                0x00010414       0x20 ./uCOS-III/Source/os_dbg.o
                0x00010414                OSDbg_Mem
 .rodata.OSDbg_MemEn
                0x00010434        0x1 ./uCOS-III/Source/os_dbg.o
                0x00010434                OSDbg_MemEn
 *fill*         0x00010435        0x1 
 .rodata.OSDbg_MemSize
                0x00010436        0x2 ./uCOS-III/Source/os_dbg.o
                0x00010436                OSDbg_MemSize
 .rodata.OSDbg_MsgEn
                0x00010438        0x1 ./uCOS-III/Source/os_dbg.o
                0x00010438                OSDbg_MsgEn
 *fill*         0x00010439        0x1 
 .rodata.OSDbg_MsgSize
                0x0001043a        0x2 ./uCOS-III/Source/os_dbg.o
                0x0001043a                OSDbg_MsgSize
 .rodata.OSDbg_MsgPoolSize
                0x0001043c        0x2 ./uCOS-III/Source/os_dbg.o
                0x0001043c                OSDbg_MsgPoolSize
 .rodata.OSDbg_MsgQSize
                0x0001043e        0x2 ./uCOS-III/Source/os_dbg.o
                0x0001043e                OSDbg_MsgQSize
 .rodata.OSDbg_Mutex
                0x00010440       0x30 ./uCOS-III/Source/os_dbg.o
                0x00010440                OSDbg_Mutex
 .rodata.OSDbg_MutexEn
                0x00010470        0x1 ./uCOS-III/Source/os_dbg.o
                0x00010470                OSDbg_MutexEn
 .rodata.OSDbg_MutexDelEn
                0x00010471        0x1 ./uCOS-III/Source/os_dbg.o
                0x00010471                OSDbg_MutexDelEn
 .rodata.OSDbg_MutexPendAbortEn
                0x00010472        0x1 ./uCOS-III/Source/os_dbg.o
                0x00010472                OSDbg_MutexPendAbortEn
 *fill*         0x00010473        0x1 
 .rodata.OSDbg_MutexSize
                0x00010474        0x2 ./uCOS-III/Source/os_dbg.o
                0x00010474                OSDbg_MutexSize
 .rodata.OSDbg_ObjTypeChkEn
                0x00010476        0x1 ./uCOS-III/Source/os_dbg.o
                0x00010476                OSDbg_ObjTypeChkEn
 .rodata.OSDbg_PendMultiEn
                0x00010477        0x1 ./uCOS-III/Source/os_dbg.o
                0x00010477                OSDbg_PendMultiEn
 .rodata.OSDbg_PendDataSize
                0x00010478        0x2 ./uCOS-III/Source/os_dbg.o
                0x00010478                OSDbg_PendDataSize
 .rodata.OSDbg_PendListSize
                0x0001047a        0x2 ./uCOS-III/Source/os_dbg.o
                0x0001047a                OSDbg_PendListSize
 .rodata.OSDbg_PendObjSize
                0x0001047c        0x2 ./uCOS-III/Source/os_dbg.o
                0x0001047c                OSDbg_PendObjSize
 .rodata.OSDbg_PrioMax
                0x0001047e        0x2 ./uCOS-III/Source/os_dbg.o
                0x0001047e                OSDbg_PrioMax
 .rodata.OSDbg_PrioTblSize
                0x00010480        0x2 ./uCOS-III/Source/os_dbg.o
                0x00010480                OSDbg_PrioTblSize
 .rodata.OSDbg_PtrSize
                0x00010482        0x2 ./uCOS-III/Source/os_dbg.o
                0x00010482                OSDbg_PtrSize
 .rodata.OSDbg_Q
                0x00010484       0x30 ./uCOS-III/Source/os_dbg.o
                0x00010484                OSDbg_Q
 .rodata.OSDbg_QEn
                0x000104b4        0x1 ./uCOS-III/Source/os_dbg.o
                0x000104b4                OSDbg_QEn
 .rodata.OSDbg_QDelEn
                0x000104b5        0x1 ./uCOS-III/Source/os_dbg.o
                0x000104b5                OSDbg_QDelEn
 .rodata.OSDbg_QFlushEn
                0x000104b6        0x1 ./uCOS-III/Source/os_dbg.o
                0x000104b6                OSDbg_QFlushEn
 .rodata.OSDbg_QPendAbortEn
                0x000104b7        0x1 ./uCOS-III/Source/os_dbg.o
                0x000104b7                OSDbg_QPendAbortEn
 .rodata.OSDbg_QSize
                0x000104b8        0x2 ./uCOS-III/Source/os_dbg.o
                0x000104b8                OSDbg_QSize
 .rodata.OSDbg_SchedRoundRobinEn
                0x000104ba        0x1 ./uCOS-III/Source/os_dbg.o
                0x000104ba                OSDbg_SchedRoundRobinEn
 *fill*         0x000104bb        0x1 
 .rodata.OSDbg_Sem
                0x000104bc       0x28 ./uCOS-III/Source/os_dbg.o
                0x000104bc                OSDbg_Sem
 .rodata.OSDbg_SemEn
                0x000104e4        0x1 ./uCOS-III/Source/os_dbg.o
                0x000104e4                OSDbg_SemEn
 .rodata.OSDbg_SemDelEn
                0x000104e5        0x1 ./uCOS-III/Source/os_dbg.o
                0x000104e5                OSDbg_SemDelEn
 .rodata.OSDbg_SemPendAbortEn
                0x000104e6        0x1 ./uCOS-III/Source/os_dbg.o
                0x000104e6                OSDbg_SemPendAbortEn
 .rodata.OSDbg_SemSetEn
                0x000104e7        0x1 ./uCOS-III/Source/os_dbg.o
                0x000104e7                OSDbg_SemSetEn
 .rodata.OSDbg_SemSize
                0x000104e8        0x2 ./uCOS-III/Source/os_dbg.o
                0x000104e8                OSDbg_SemSize
 .rodata.OSDbg_RdyList
                0x000104ea        0x2 ./uCOS-III/Source/os_dbg.o
                0x000104ea                OSDbg_RdyList
 .rodata.OSDbg_RdyListSize
                0x000104ec        0x4 ./uCOS-III/Source/os_dbg.o
                0x000104ec                OSDbg_RdyListSize
 .rodata.OSDbg_StkWidth
                0x000104f0        0x1 ./uCOS-III/Source/os_dbg.o
                0x000104f0                OSDbg_StkWidth
 .rodata.OSDbg_StatTaskEn
                0x000104f1        0x1 ./uCOS-III/Source/os_dbg.o
                0x000104f1                OSDbg_StatTaskEn
 .rodata.OSDbg_StatTaskStkChkEn
                0x000104f2        0x1 ./uCOS-III/Source/os_dbg.o
                0x000104f2                OSDbg_StatTaskStkChkEn
 .rodata.OSDbg_TaskChangePrioEn
                0x000104f3        0x1 ./uCOS-III/Source/os_dbg.o
                0x000104f3                OSDbg_TaskChangePrioEn
 .rodata.OSDbg_TaskDelEn
                0x000104f4        0x1 ./uCOS-III/Source/os_dbg.o
                0x000104f4                OSDbg_TaskDelEn
 .rodata.OSDbg_TaskQEn
                0x000104f5        0x1 ./uCOS-III/Source/os_dbg.o
                0x000104f5                OSDbg_TaskQEn
 .rodata.OSDbg_TaskQPendAbortEn
                0x000104f6        0x1 ./uCOS-III/Source/os_dbg.o
                0x000104f6                OSDbg_TaskQPendAbortEn
 .rodata.OSDbg_TaskProfileEn
                0x000104f7        0x1 ./uCOS-III/Source/os_dbg.o
                0x000104f7                OSDbg_TaskProfileEn
 .rodata.OSDbg_TaskRegTblSize
                0x000104f8        0x2 ./uCOS-III/Source/os_dbg.o
                0x000104f8                OSDbg_TaskRegTblSize
 .rodata.OSDbg_TaskSemPendAbortEn
                0x000104fa        0x1 ./uCOS-III/Source/os_dbg.o
                0x000104fa                OSDbg_TaskSemPendAbortEn
 .rodata.OSDbg_TaskSuspendEn
                0x000104fb        0x1 ./uCOS-III/Source/os_dbg.o
                0x000104fb                OSDbg_TaskSuspendEn
 .rodata.OSDbg_TCBSize
                0x000104fc        0x2 ./uCOS-III/Source/os_dbg.o
                0x000104fc                OSDbg_TCBSize
 .rodata.OSDbg_TickListSize
                0x000104fe        0x2 ./uCOS-III/Source/os_dbg.o
                0x000104fe                OSDbg_TickListSize
 .rodata.OSDbg_TimeDlyHMSMEn
                0x00010500        0x1 ./uCOS-III/Source/os_dbg.o
                0x00010500                OSDbg_TimeDlyHMSMEn
 .rodata.OSDbg_TimeDlyResumeEn
                0x00010501        0x1 ./uCOS-III/Source/os_dbg.o
                0x00010501                OSDbg_TimeDlyResumeEn
 *fill*         0x00010502        0x2 
 .rodata.OSDbg_Tmr
                0x00010504       0x30 ./uCOS-III/Source/os_dbg.o
                0x00010504                OSDbg_Tmr
 .rodata.OSDbg_TmrEn
                0x00010534        0x1 ./uCOS-III/Source/os_dbg.o
                0x00010534                OSDbg_TmrEn
 .rodata.OSDbg_TmrDelEn
                0x00010535        0x1 ./uCOS-III/Source/os_dbg.o
                0x00010535                OSDbg_TmrDelEn
 .rodata.OSDbg_TmrSize
                0x00010536        0x2 ./uCOS-III/Source/os_dbg.o
                0x00010536                OSDbg_TmrSize
 .rodata.OSDbg_VersionNbr
                0x00010538        0x2 ./uCOS-III/Source/os_dbg.o
                0x00010538                OSDbg_VersionNbr
 *fill*         0x0001053a        0x2 
 .rodata.OSDbg_DataSize
                0x0001053c        0x4 ./uCOS-III/Source/os_dbg.o
                0x0001053c                OSDbg_DataSize
 .rodata.__func__.14565
                0x00010540       0x18 ./KSDK/platform/system/interrupt/src/fsl_interrupt_manager.o
 .rodata.g_simBaseAddr
                0x00010558        0x4 ./KSDK/platform/system/clock/fsl_clock_manager.o
                0x00010558                g_simBaseAddr
 .rodata.kClockNameConfigTable
                0x0001055c       0x14 ./KSDK/platform/hal/sim/MK64F12/fsl_sim_hal_K64F12.o
                0x0001055c                kClockNameConfigTable
 .rodata.__func__.15268
                0x00010570       0x18 ./KSDK/platform/hal/sim/fsl_sim_hal.o
 .rodata.__func__.18107
                0x00010588       0x10 ./KSDK/platform/drivers/uart/src/fsl_uart_driver.o
 .rodata.__func__.18093